 AirPlay

 Timestamp is 5c341a5c (Tue Jan  8 11:34:52 2019)

 Preferred load address is 10000000

 Start         Length     Name                   Class
 0001:00000000 000487fcH .textbss                DATA
 0002:00000000 0009ca6eH .text$mn                CODE
 0002:0009ca6e 0000104dH .text$x                 CODE
 0003:00000000 00000104H .CRT$XCA                DATA
 0003:00000104 00000104H .CRT$XCZ                DATA
 0003:00000208 00000104H .CRT$XIA                DATA
 0003:0000030c 00000114H .CRT$XIC                DATA
 0003:00000420 00000104H .CRT$XIZ                DATA
 0003:00000524 00000104H .CRT$XPA                DATA
 0003:00000628 0000010cH .CRT$XPX                DATA
 0003:00000734 00000104H .CRT$XPXA               DATA
 0003:00000838 00000104H .CRT$XPZ                DATA
 0003:0000093c 00000104H .CRT$XTA                DATA
 0003:00000a40 00000110H .CRT$XTZ                DATA
 0003:00000b50 000118d4H .rdata                  DATA
 0003:00012424 00000444H .rdata$r                DATA
 0003:00012868 000001c4H .rdata$zzzdbg           DATA
 0003:00012a2c 00000104H .rtc$IAA                DATA
 0003:00012b30 00000174H .rtc$IMZ                DATA
 0003:00012ca4 00000104H .rtc$IZZ                DATA
 0003:00012da8 00000104H .rtc$TAA                DATA
 0003:00012eac 00000174H .rtc$TMZ                DATA
 0003:00013020 00000108H .rtc$TZZ                DATA
 0003:00013128 00000dd8H .xdata$x                DATA
 0003:00013f00 00000412H .edata                  DATA
 0004:00000000 0001efd0H .data                   DATA
 0004:0001efd0 00000250H .data$r                 DATA
 0004:0001f220 00001bf8H .bss                    DATA
 0005:00000000 00000384H .idata$5                DATA
 0005:00000384 00000064H .idata$2                DATA
 0005:000003e8 00000014H .idata$3                DATA
 0005:000003fc 00000384H .idata$4                DATA
 0005:00000780 00000a50H .idata$6                DATA
 0006:00000000 00000281H .msvcjmc                DATA
 0007:00000000 00000104H .00cfg                  DATA
 0008:00000000 00000170H .rsrc$01                DATA
 0008:00000170 000002ccH .rsrc$02                DATA

  Address         Publics by Value              Rva+Base       Lib:Object

 0000:00000000       __except_list              00000000     <absolute>
 0000:00000000       ___guard_fids_table        00000000     <absolute>
 0000:00000000       ___guard_longjmp_count     00000000     <absolute>
 0000:00000000       ___hybrid_auxiliary_iat    00000000     <absolute>
 0000:00000000       ___guard_longjmp_table     00000000     <absolute>
 0000:00000000       ___safe_se_handler_count   00000000     <absolute>
 0000:00000000       ___volatile_metadata       00000000     <absolute>
 0000:00000000       ___safe_se_handler_table   00000000     <absolute>
 0000:00000000       ___hybrid_code_map_count   00000000     <absolute>
 0000:00000000       ___enclave_config          00000000     <absolute>
 0000:00000000       ___guard_iat_table         00000000     <absolute>
 0000:00000000       ___hybrid_code_map         00000000     <absolute>
 0000:00000000       ___guard_iat_count         00000000     <absolute>
 0000:00000000       ___guard_fids_count        00000000     <absolute>
 0000:00000000       ___dynamic_value_reloc_table 00000000     <absolute>
 0000:00000100       ___guard_flags             00000100     <absolute>
 0000:00000000       ___ImageBase               10000000     <linker-defined>
 0001:00000000       __enc$textbss$begin        10001000     <linker-defined>
 0001:000487fc       __enc$textbss$end          100497fc     <linker-defined>
 0002:00008030       __JustMyCode_Default       10052030 f i aac_eld.obj
 0002:00008040       ___local_stdio_printf_options 10052040 f i aac_eld.obj
 0002:000080a0       __vfprintf_l               100520a0 f i aac_eld.obj
 0002:00008120       _aac_eld_decode_frame      10052120 f   aac_eld.obj
 0002:00008300       _aac_eld_set_info          10052300 f   aac_eld.obj
 0002:00008350       _create_aac_eld            10052350 f   aac_eld.obj
 0002:00008530       _destroy_aac_eld           10052530 f   aac_eld.obj
 0002:000085b0       _fprintf                   100525b0 f i aac_eld.obj
 0002:00008630       _printf                    10052630 f i aac_eld.obj
 0002:000086c0       __vsnprintf_l              100526c0 f i airplay.obj
 0002:00008770       __vsprintf_l               10052770 f i airplay.obj
 0002:000087e0       _airpaly_destroy           100527e0 f   airplay.obj
 0002:00008900       _airplay_init              10052900 f   airplay.obj
 0002:00008c90       _airplay_init_from_keyfile 10052c90 f   airplay.obj
 0002:00008d70       _airplay_is_running        10052d70 f   airplay.obj
 0002:00008e00       _airplay_set_log_callback  10052e00 f   airplay.obj
 0002:00008ea0       _airplay_set_log_level     10052ea0 f   airplay.obj
 0002:00008f30       _airplay_start             10052f30 f   airplay.obj
 0002:000091f0       _airplay_stop              100531f0 f   airplay.obj
 0002:0000a1e0       _request_handle_pairverify_airplay 100541e0 f   airplay.obj
 0002:0000abe0       _request_handle_play       10054be0 f   airplay.obj
 0002:0000b0e0       _request_handle_playback_info 100550e0 f   airplay.obj
 0002:0000b3a0       _request_handle_rate       100553a0 f   airplay.obj
 0002:0000b480       _request_handle_scrub      10055480 f   airplay.obj
 0002:0000b530       _request_handle_serverinfo 10055530 f   airplay.obj
 0002:0000b780       _request_handle_stop       10055780 f   airplay.obj
 0002:0000b800       _sprintf                   10055800 f i airplay.obj
 0002:0000b880       _alac_allocate_buffers     10055880 f   alac.obj
 0002:0000b980       _alac_create               10055980 f   alac.obj
 0002:0000ba30       _alac_decode_frame         10055a30 f   alac.obj
 0002:0000cc30       _alac_free                 10056c30 f   alac.obj
 0002:0000cd40       _alac_set_info             10056d40 f   alac.obj
 0002:0000e2f0       _digest_generate_nonce     100582f0 f   digest.obj
 0002:0000e480       _digest_get_response       10058480 f   digest.obj
 0002:0000e780       _digest_is_valid           10058780 f   digest.obj
 0002:0000ec10       _digest_md5_to_hex         10058c10 f   digest.obj
 0002:0000ed30       _dnssd_destroy             10058d30 f   dnssd.obj
 0002:0000edb0       _dnssd_init                10058db0 f   dnssd.obj
 0002:0000f0d0       _dnssd_register_airplay    100590d0 f   dnssd.obj
 0002:0000f630       _dnssd_register_raop       10059630 f   dnssd.obj
 0002:0000fd90       _dnssd_unregister_airplay  10059d90 f   dnssd.obj
 0002:0000fe40       _dnssd_unregister_raop     10059e40 f   dnssd.obj
 0002:0000ff70       _fairplay_query            10059f70 f   fairplay.obj
 0002:000103e0       _sha512msg                 1005a3e0 f   fairplay.obj
 0002:000104e0       _sha512msg2                1005a4e0 f   fairplay.obj
 0002:00010660       _garble                    1005a660 f   hand_garble.obj
 0002:00014870       _weird_rol32               1005e870 f   hand_garble.obj
 0002:000148f0       _weird_rol8                1005e8f0 f   hand_garble.obj
 0002:00014980       _weird_ror8                1005e980 f   hand_garble.obj
 0002:00014e60       _httpd_destroy             1005ee60 f   httpd.obj
 0002:00014ef0       _httpd_init                1005eef0 f   httpd.obj
 0002:00015090       _httpd_is_running          1005f090 f   httpd.obj
 0002:00015270       _httpd_start               1005f270 f   httpd.obj
 0002:00015520       _httpd_stop                1005f520 f   httpd.obj
 0002:00016670       _http_body_is_final        10060670 f   http_parser.obj
 0002:000166f0       _http_errno_description    100606f0 f   http_parser.obj
 0002:00016770       _http_errno_name           10060770 f   http_parser.obj
 0002:000167f0       _http_message_needs_eof    100607f0 f   http_parser.obj
 0002:00016900       _http_method_str           10060900 f   http_parser.obj
 0002:000170b0       _http_parser_execute       100610b0 f   http_parser.obj
 0002:0001b380       _http_parser_init          10065380 f   http_parser.obj
 0002:0001b480       _http_parser_parse_url     10065480 f   http_parser.obj
 0002:0001b7c0       _http_parser_pause         100657c0 f   http_parser.obj
 0002:0001b8b0       _http_should_keep_alive    100658b0 f   http_parser.obj
 0002:0001bf00       _http_request_add_data     10065f00 f   http_request.obj
 0002:0001bfa0       _http_request_destroy      10065fa0 f   http_request.obj
 0002:0001c080       _http_request_dump_headers 10066080 f   http_request.obj
 0002:0001c160       _http_request_get_data     10066160 f   http_request.obj
 0002:0001c200       _http_request_get_error_description 10066200 f   http_request.obj
 0002:0001c290       _http_request_get_error_name 10066290 f   http_request.obj
 0002:0001c320       _http_request_get_header   10066320 f   http_request.obj
 0002:0001c400       _http_request_get_iheader  10066400 f   http_request.obj
 0002:0001c4e0       _http_request_get_method   100664e0 f   http_request.obj
 0002:0001c560       _http_request_get_url      10066560 f   http_request.obj
 0002:0001c5e0       _http_request_has_error    100665e0 f   http_request.obj
 0002:0001c690       _http_request_init         10066690 f   http_request.obj
 0002:0001c760       _http_request_is_complete  10066760 f   http_request.obj
 0002:0001ce30       __snprintf                 10066e30 f i http_response.obj
 0002:0001ceb0       __vsnprintf                10066eb0 f i http_response.obj
 0002:0001d0b0       _http_response_add_header  100670b0 f   http_response.obj
 0002:0001d1f0       _http_response_destroy     100671f0 f   http_response.obj
 0002:0001d270       _http_response_finish      10067270 f   http_response.obj
 0002:0001d480       _http_response_get_data    10067480 f   http_response.obj
 0002:0001d560       _http_response_get_disconnect 10067560 f   http_response.obj
 0002:0001d5e0       _http_response_init        100675e0 f   http_response.obj
 0002:0001d7f0       _http_response_set_disconnect 100677f0 f   http_response.obj
 0002:0001d8a0       _logger_destroy            100678a0 f   logger.obj
 0002:0001d930       _logger_init               10067930 f   logger.obj
 0002:0001da20       _logger_log                10067a20 f   logger.obj
 0002:0001dcd0       _logger_set_callback       10067cd0 f   logger.obj
 0002:0001dda0       _logger_set_level          10067da0 f   logger.obj
 0002:0001e000       _vsnprintf                 10068000 f i logger.obj
 0002:0001e0b0       _F                         100680b0 f   modified_md5.obj
 0002:0001e110       _G                         10068110 f   modified_md5.obj
 0002:0001e170       _H                         10068170 f   modified_md5.obj
 0002:0001e1d0       _I                         100681d0 f   modified_md5.obj
 0002:0001e230       _modified_md5              10068230 f   modified_md5.obj
 0002:0001e930       _rol                       10068930 f   modified_md5.obj
 0002:0001e9a0       _swap                      100689a0 f   modified_md5.obj
 0002:0001ea10       _netutils_cleanup          10068a10 f   netutils.obj
 0002:0001ea70       _netutils_get_address      10068a70 f   netutils.obj
 0002:0001ec50       _netutils_init             10068c50 f   netutils.obj
 0002:0001ed80       _netutils_init_socket      10068d80 f   netutils.obj
 0002:0001f220       _netutils_parse_address    10069220 f   netutils.obj
 0002:0001f3e0       _cycle                     100693e0 f   omg_hax.obj
 0002:0001fc20       _decryptMessage            10069c20 f   omg_hax.obj
 0002:000209f0       _decrypt_key               1006a9f0 f   omg_hax.obj
 0002:00020bf0       _decrypt_sap               1006abf0 f   omg_hax.obj
 0002:00020f90       _generate_key_schedule     1006af90 f   omg_hax.obj
 0002:00021660       _generate_session_key      1006b660 f   omg_hax.obj
 0002:00021c30       _message_table_index       1006bc30 f   omg_hax.obj
 0002:00021ca0       _permute_block_1           1006bca0 f   omg_hax.obj
 0002:00021fe0       _permute_block_2           1006bfe0 f   omg_hax.obj
 0002:00022470       _permute_table_2           1006c470 f   omg_hax.obj
 0002:000224e0       _print_block               1006c4e0 f   omg_hax.obj
 0002:00022590       _swap_bytes                1006c590 f   omg_hax.obj
 0002:00022600       _t_xor                     1006c600 f   omg_hax.obj
 0002:00022690       _table_index               1006c690 f   omg_hax.obj
 0002:00022700       _x_xor                     1006c700 f   omg_hax.obj
 0002:000227d0       _xor_blocks                1006c7d0 f   omg_hax.obj
 0002:00022860       _z_xor                     1006c860 f   omg_hax.obj
 0002:00022930       _fairplay_decrypt          1006c930 f   playfair.obj
 0002:00022da0       _fairplay_setup            1006cda0 f   playfair.obj
 0002:00022fe0       _init_plist_funcs          1006cfe0 f   plistlib.obj
 0002:00023370       _plist_array_get_item      1006d370 f   plistlib.obj
 0002:000233e0       _plist_array_get_size      1006d3e0 f   plistlib.obj
 0002:00023450       _plist_dict_get_item       1006d450 f   plistlib.obj
 0002:000234c0       _plist_dict_get_size       1006d4c0 f   plistlib.obj
 0002:00023530       _plist_dict_new_iter       1006d530 f   plistlib.obj
 0002:000235a0       _plist_dict_next_item      1006d5a0 f   plistlib.obj
 0002:00023620       _plist_free                1006d620 f   plistlib.obj
 0002:00023690       _plist_free_string_val     1006d690 f   plistlib.obj
 0002:00023700       _plist_from_bin            1006d700 f   plistlib.obj
 0002:00023770       _plist_from_xml            1006d770 f   plistlib.obj
 0002:000237e0       _plist_get_bool_val        1006d7e0 f   plistlib.obj
 0002:00023850       _plist_get_data_val        1006d850 f   plistlib.obj
 0002:000238c0       _plist_get_node_type       1006d8c0 f   plistlib.obj
 0002:00023930       _plist_get_real_val        1006d930 f   plistlib.obj
 0002:000239a0       _plist_get_string_val      1006d9a0 f   plistlib.obj
 0002:00023a10       _plist_get_uint_val        1006da10 f   plistlib.obj
 0002:00023a80       _plist_new_dict            1006da80 f   plistlib.obj
 0002:00023ae0       _plist_to_bin              1006dae0 f   plistlib.obj
 0002:00023b50       _plist_to_xml              1006db50 f   plistlib.obj
 0002:00023bc0       ___local_stdio_scanf_options 1006dbc0 f i raop.obj
 0002:00023c20       __vsscanf_l                1006dc20 f i raop.obj
 0002:00023ca0       _airdata_free              1006dca0 f   raop.obj
 0002:00023d30       _airdata_init_socket       1006dd30 f   raop.obj
 0002:00023e40       _airdata_start             1006de40 f   raop.obj
 0002:00023fe0       _airdata_stop              1006dfe0 f   raop.obj
 0002:000241a0       _airdata_thread_proc@4     1006e1a0 f   raop.obj
 0002:000258f0       _g_aes_crt_setkey          1006f8f0 f   raop.obj
 0002:000259d0       _g_aes_ctr_encrypt         1006f9d0 f   raop.obj
 0002:00025ab0       _raop_destroy              1006fab0 f   raop.obj
 0002:00025b60       _raop_init                 1006fb60 f   raop.obj
 0002:00025e00       _raop_init_from_keyfile    1006fe00 f   raop.obj
 0002:00025ee0       _raop_is_running           1006fee0 f   raop.obj
 0002:00025f70       _raop_rtp_parse_remote     1006ff70 f   raop.obj
 0002:00026220       _raop_set_log_callback     10070220 f   raop.obj
 0002:000262c0       _raop_set_log_level        100702c0 f   raop.obj
 0002:00026350       _raop_start                10070350 f   raop.obj
 0002:000264e0       _raop_stop                 100704e0 f   raop.obj
 0002:00026570       _request_handle_announce   10070570 f   raop.obj
 0002:00026b20       _request_handle_authorization 10070b20 f   raop.obj
 0002:00026df0       _request_handle_authsetup  10070df0 f   raop.obj
 0002:00026ee0       _request_handle_feedback   10070ee0 f   raop.obj
 0002:00026f50       _request_handle_flush      10070f50 f   raop.obj
 0002:00027070       _request_handle_fpsetup    10071070 f   raop.obj
 0002:000272a0       _request_handle_getparameter 100712a0 f   raop.obj
 0002:00027340       _request_handle_info       10071340 f   raop.obj
 0002:00027730       _request_handle_options    10071730 f   raop.obj
 0002:000277a0       _request_handle_pairsetup  100717a0 f   raop.obj
 0002:00027980       _request_handle_pairverify 10071980 f   raop.obj
 0002:00028080       _request_handle_record     10072080 f   raop.obj
 0002:00028110       _request_handle_setparameter 10072110 f   raop.obj
 0002:000284f0       _request_handle_setup      100724f0 f   raop.obj
 0002:00029e60       _request_handle_streamxml  10073e60 f   raop.obj
 0002:00029f50       _request_handle_teardown   10073f50 f   raop.obj
 0002:0002a200       _sscanf                    10074200 f i raop.obj
 0002:0002a5f0       _raop_buffer_dequeue       100745f0 f   raop_buffer.obj
 0002:0002a760       _raop_buffer_destroy       10074760 f   raop_buffer.obj
 0002:0002a810       _raop_buffer_flush         10074810 f   raop_buffer.obj
 0002:0002a930       _raop_buffer_get_config    10074930 f   raop_buffer.obj
 0002:0002a9b0       _raop_buffer_handle_resends 100749b0 f   raop_buffer.obj
 0002:0002ab70       _raop_buffer_init          10074b70 f   raop_buffer.obj
 0002:0002aee0       _raop_buffer_queue         10074ee0 f   raop_buffer.obj
 0002:0002b950       _raop_rtp_destroy          10075950 f   raop_rtp.obj
 0002:0002ba60       _raop_rtp_flush            10075a60 f   raop_rtp.obj
 0002:0002bb30       _raop_rtp_init             10075b30 f   raop_rtp.obj
 0002:0002c700       _raop_rtp_remote_control_id 10076700 f   raop_rtp.obj
 0002:0002ca30       _raop_rtp_set_coverart     10076a30 f   raop_rtp.obj
 0002:0002cb70       _raop_rtp_set_metadata     10076b70 f   raop_rtp.obj
 0002:0002ccb0       _raop_rtp_set_progress     10076cb0 f   raop_rtp.obj
 0002:0002cdb0       _raop_rtp_set_volume       10076db0 f   raop_rtp.obj
 0002:0002cf40       _raop_rtp_start            10076f40 f   raop_rtp.obj
 0002:0002d1c0       _raop_rtp_stop             100771c0 f   raop_rtp.obj
 0002:0002e700       _rol8                      10078700 f   sap_hash.obj
 0002:0002e780       _rol8x                     10078780 f   sap_hash.obj
 0002:0002e7f0       _sap_hash                  100787f0 f   sap_hash.obj
 0002:0002f660       _sdp_destroy               10079660 f   sdp.obj
 0002:0002f6e0       _sdp_get_aesiv             100796e0 f   sdp.obj
 0002:0002f760       _sdp_get_connection        10079760 f   sdp.obj
 0002:0002f7e0       _sdp_get_fmtp              100797e0 f   sdp.obj
 0002:0002f860       _sdp_get_fpaeskey          10079860 f   sdp.obj
 0002:0002f8e0       _sdp_get_media             100798e0 f   sdp.obj
 0002:0002f960       _sdp_get_min_latency       10079960 f   sdp.obj
 0002:0002f9e0       _sdp_get_origin            100799e0 f   sdp.obj
 0002:0002fa60       _sdp_get_rsaaeskey         10079a60 f   sdp.obj
 0002:0002fae0       _sdp_get_rtpmap            10079ae0 f   sdp.obj
 0002:0002fb60       _sdp_get_session           10079b60 f   sdp.obj
 0002:0002fbe0       _sdp_get_time              10079be0 f   sdp.obj
 0002:0002fc60       _sdp_get_version           10079c60 f   sdp.obj
 0002:0002fce0       _sdp_init                  10079ce0 f   sdp.obj
 0002:0002fdc0       _bin2hex                   10079dc0 f   utils.obj
 0002:0002ff10       _memdup                    10079f10 f   utils.obj
 0002:0002ffb0       _recv_wait                 10079fb0 f   utils.obj
 0002:000301e0       _utils_hwaddr_airplay      1007a1e0 f   utils.obj
 0002:00030380       _utils_hwaddr_raop         1007a380 f   utils.obj
 0002:000304f0       _utils_read_file           1007a4f0 f   utils.obj
 0002:00030670       _utils_strsep              1007a670 f   utils.obj
 0002:00030730       _XinDawn_StartMediaServer  1007a730 f   main.obj
 0002:00030a60       _XinDawn_StopMediaServer   1007aa60 f   main.obj
 0002:00030af1       _rsakey_init_pem           1007aaf1 f   mycrypt:mycrypt.dll
 0002:00030af7       _rsakey_destroy            1007aaf7 f   mycrypt:mycrypt.dll
 0002:00030afd       _ed25519_create_seed       1007aafd f   mycrypt:mycrypt.dll
 0002:00030b03       _ed25519_sign              1007ab03 f   mycrypt:mycrypt.dll
 0002:00030b09       _ed25519_verify            1007ab09 f   mycrypt:mycrypt.dll
 0002:00030b0f       _curve25519_donna          1007ab0f f   mycrypt:mycrypt.dll
 0002:00030b15       _AES_set_encrypt_key       1007ab15 f   mycrypt:mycrypt.dll
 0002:00030b1b       _new_AES_ctr128_encrypt    1007ab1b f   mycrypt:mycrypt.dll
 0002:00030b21       _MD5_Init                  1007ab21 f   mycrypt:mycrypt.dll
 0002:00030b27       _MD5_Update                1007ab27 f   mycrypt:mycrypt.dll
 0002:00030b2d       _MD5_Final                 1007ab2d f   mycrypt:mycrypt.dll
 0002:00030b33       _ed25519_create_keypair    1007ab33 f   mycrypt:mycrypt.dll
 0002:00030b39       _sha512_init               1007ab39 f   mycrypt:mycrypt.dll
 0002:00030b3f       _sha512_final              1007ab3f f   mycrypt:mycrypt.dll
 0002:00030b45       _sha512_update             1007ab45 f   mycrypt:mycrypt.dll
 0002:00030b4b       _base64_init               1007ab4b f   mycrypt:mycrypt.dll
 0002:00030b51       _base64_encode             1007ab51 f   mycrypt:mycrypt.dll
 0002:00030b57       _base64_destroy            1007ab57 f   mycrypt:mycrypt.dll
 0002:00030b5d       _rsakey_sign               1007ab5d f   mycrypt:mycrypt.dll
 0002:00030b63       _rsakey_base64_decode      1007ab63 f   mycrypt:mycrypt.dll
 0002:00030b69       _rsakey_decrypt            1007ab69 f   mycrypt:mycrypt.dll
 0002:00030b6f       _rsakey_parseiv            1007ab6f f   mycrypt:mycrypt.dll
 0002:00030b75       _AES_set_key               1007ab75 f   mycrypt:mycrypt.dll
 0002:00030b7b       _AES_cbc_decrypt           1007ab7b f   mycrypt:mycrypt.dll
 0002:00030b81       _AES_convert_key           1007ab81 f   mycrypt:mycrypt.dll
 0002:00030b87       _aacDecoder_Open           1007ab87 f   libfdk:libfdk.dll
 0002:00030b8d       _aacDecoder_ConfigRaw      1007ab8d f   libfdk:libfdk.dll
 0002:00030b93       _aacDecoder_Fill           1007ab93 f   libfdk:libfdk.dll
 0002:00030b99       _aacDecoder_DecodeFrame    1007ab99 f   libfdk:libfdk.dll
 0002:00030b9f       _aacDecoder_Close          1007ab9f f   libfdk:libfdk.dll
 0002:00030ba5       _aacDecoder_GetStreamInfo  1007aba5 f   libfdk:libfdk.dll
 0002:00030bab       _FreeLibrary@4             1007abab f   kernel32:KERNEL32.dll
 0002:00030bb1       _GetProcAddress@8          1007abb1 f   kernel32:KERNEL32.dll
 0002:00030bb7       _LoadLibraryA@4            1007abb7 f   kernel32:KERNEL32.dll
 0002:00030bbd       _CloseHandle@4             1007abbd f   kernel32:KERNEL32.dll
 0002:00030bc3       _ReleaseMutex@4            1007abc3 f   kernel32:KERNEL32.dll
 0002:00030bc9       _WaitForSingleObject@8     1007abc9 f   kernel32:KERNEL32.dll
 0002:00030bcf       _CreateThread@24           1007abcf f   kernel32:KERNEL32.dll
 0002:00030bd5       _CreateMutexW@12           1007abd5 f   kernel32:KERNEL32.dll
 0002:00030bdb       _MultiByteToWideChar@24    1007abdb f   kernel32:KERNEL32.dll
 0002:00030be1       _WideCharToMultiByte@32    1007abe1 f   kernel32:KERNEL32.dll
 0002:00030be7       _Sleep@4                   1007abe7 f   kernel32:KERNEL32.dll
 0002:00030bed       @_RTC_AllocaHelper@12      1007abed f   LIBCMT:stack.obj
 0002:00030c2b       @_RTC_CheckStackVars2@12   1007ac2b f   LIBCMT:stack.obj
 0002:00030d19       @_RTC_CheckStackVars@8     1007ad19 f   LIBCMT:stack.obj
 0002:00030d82       __RTC_CheckEsp             1007ad82 f   LIBCMT:stack.obj
 0002:00030dbc       @__CheckForDebuggerJustMyCode@4 1007adbc f   LIBCMT:debugger_jmc.obj
 0002:00030dfa       __CRT_RTC_INIT             1007adfa f   LIBCMT:init.obj
 0002:00030dfd       __CRT_RTC_INITW            1007adfd f   LIBCMT:init.obj
 0002:00030e00       __RTC_InitBase             1007ae00 f   LIBCMT:init.obj
 0002:00030e1f       __RTC_Shutdown             1007ae1f f   LIBCMT:init.obj
 0002:00030e20       @__security_check_cookie@4 1007ae20 f   LIBCMT:secchk.obj
 0002:00030e40       __alloca_probe             1007ae40 f   LIBCMT:chkstk.obj
 0002:00030e40       __chkstk                   1007ae40 f   LIBCMT:chkstk.obj
 0002:00030e80       __allmul                   1007ae80 f   LIBCMT:llmul.obj
 0002:00030ec1       ___raise_securityfailure   1007aec1 f   LIBCMT:gs_report.obj
 0002:00030ef3       ___report_gsfailure        1007aef3 f   LIBCMT:gs_report.obj
 0002:0003102a       ___report_rangecheckfailure 1007b02a f   LIBCMT:gs_report.obj
 0002:00031039       ___report_securityfailure  1007b039 f   LIBCMT:gs_report.obj
 0002:0003113a       ___report_securityfailureEx 1007b13a f   LIBCMT:gs_report.obj
 0002:00031321       ?_RTC_AllocaFailure@@YAXPAXPAU_RTC_ALLOCA_NODE@@H@Z 1007b321 f   LIBCMT:error.obj
 0002:00031430       ?_RTC_Failure@@YAXPAXH@Z   1007b430 f   LIBCMT:error.obj
 0002:0003147b       ?_RTC_StackFailure@@YAXPAXPBD@Z 1007b47b f   LIBCMT:error.obj
 0002:00031945       __RTC_UninitUse            1007b945 f   LIBCMT:error.obj
 0002:00031a0b       __vsprintf_s_l             1007ba0b f i LIBCMT:error.obj
 0002:00031a43       _sprintf_s                 1007ba43 f i LIBCMT:error.obj
 0002:00031a70       __ftoui3                   1007ba70 f   LIBCMT:ftol3.obj
 0002:00031a7f       __ftoul3                   1007ba7f f   LIBCMT:ftol3.obj
 0002:00031a8e       __ftol3                    1007ba8e f   LIBCMT:ftol3.obj
 0002:00031a9b       __ftol3_NaN                1007ba9b f   LIBCMT:ftol3.obj
 0002:00031ab3       __ftol3_work               1007bab3 f   LIBCMT:ftol3.obj
 0002:00031b39       __ftol3_common             1007bb39 f   LIBCMT:ftol3.obj
 0002:00031bfb       __ftol3_arg_error          1007bbfb f   LIBCMT:ftol3.obj
 0002:00031c0d       __ftol3_except             1007bc0d f   LIBCMT:ftol3.obj
 0002:00031c51       __dtoui3                   1007bc51 f   LIBCMT:ftol3.obj
 0002:00031c60       __dtoul3                   1007bc60 f   LIBCMT:ftol3.obj
 0002:00031c6f       __dtol3                    1007bc6f f   LIBCMT:ftol3.obj
 0002:00031c7c       __dtol3_NaN                1007bc7c f   LIBCMT:ftol3.obj
 0002:00031c99       __dtol3_work               1007bc99 f   LIBCMT:ftol3.obj
 0002:00031d80       __ultod3                   1007bd80 f   LIBCMT:ftol3.obj
 0002:00031dc0       __ltod3                    1007bdc0 f   LIBCMT:ftol3.obj
 0002:00031ed0       __ftol2_sse                1007bed0 f   LIBCMT:ftol2.obj
 0002:00031ed9       __ftol2_pentium4           1007bed9 f   LIBCMT:ftol2.obj
 0002:00031eec       __ftol2_sse_excpt          1007beec f   LIBCMT:ftol2.obj
 0002:00031f10       __ftol2                    1007bf10 f   LIBCMT:ftol2.obj
 0002:00032397       __CRT_INIT@12              1007c397 f   LIBCMT:dll_dllmain.obj
 0002:000323a2       __DllMainCRTStartup@12     1007c3a2 f   LIBCMT:dll_dllmain.obj
 0002:000323cd       ?_RTC_GetErrorFunc@@YAP6AHHPBDH00ZZPBX@Z 1007c3cd f   LIBCMT:userapi.obj
 0002:000323d3       ?_RTC_GetErrorFuncW@@YAP6AHHPB_WH00ZZPBX@Z 1007c3d3 f   LIBCMT:userapi.obj
 0002:000323d9       __RTC_GetErrDesc           1007c3d9 f   LIBCMT:userapi.obj
 0002:000323f7       __RTC_NumErrors            1007c3f7 f   LIBCMT:userapi.obj
 0002:000323fb       __RTC_SetErrorFunc         1007c3fb f   LIBCMT:userapi.obj
 0002:0003241b       __RTC_SetErrorFuncW        1007c41b f   LIBCMT:userapi.obj
 0002:0003243b       __RTC_SetErrorType         1007c43b f   LIBCMT:userapi.obj
 0002:000326f0       ?_RTC_GetSrcLine@@YAHPAEPA_WKPAH1K@Z 1007c6f0 f   LIBCMT:pdblkup.obj
 0002:00032b10       __SEH_prolog4              1007cb10 f   LIBCMT:sehprolg4.obj
 0002:00032b56       __SEH_epilog4              1007cb56 f   LIBCMT:sehprolg4.obj
 0002:00032b81       __except_handler4_noexcept 1007cb81 f   LIBCMT:chandler4_noexcept.obj
 0002:00032bc3       @_guard_check_icall_nop@4  1007cbc3 f i LIBCMT:guard_support.obj
 0002:00032bc4       _ReadNoFence               1007cbc4 f i LIBCMT:guard_support.obj
 0002:00032bd0       _ReadPointerNoFence        1007cbd0 f i LIBCMT:guard_support.obj
 0002:00032bdc       __guard_icall_checks_enforced 1007cbdc f i LIBCMT:guard_support.obj
 0002:00032bf2       ___isa_available_init      1007cbf2 f   LIBCMT:cpu_disp.obj
 0002:00032e4e       ___security_init_cookie    1007ce4e f   LIBCMT:gs_support.obj
 0002:00032eab       _DllMain@12                1007ceab f   LIBCMT:dll_dllmain_stub.obj
 0002:00032eb1       ?__scrt_initialize_type_info@@YAXXZ 1007ceb1 f   LIBCMT:tncleanup.obj
 0002:00032ec0       ?__scrt_uninitialize_type_info@@YAXXZ 1007cec0 f   LIBCMT:tncleanup.obj
 0002:00032ecf       ___scrt_initialize_default_local_stdio_options 1007cecf f   LIBCMT:default_local_stdio_options.obj
 0002:00032ef3       ??$__crt_fast_decode_pointer@PAP6AXXZ@@YAPAP6AXXZQAP6AXXZ@Z 1007cef3 f i LIBCMT:utility.obj
 0002:00032f0c       ??$__crt_fast_encode_pointer@PAP6AXXZ@@YAPAP6AXXZQAP6AXXZ@Z 1007cf0c f i LIBCMT:utility.obj
 0002:00032f30       ?__crt_rotate_pointer_value@@YAIIH@Z 1007cf30 f i LIBCMT:utility.obj
 0002:00032f40       ?configure_argv@__scrt_narrow_argv_policy@@SAHXZ 1007cf40 f i LIBCMT:utility.obj
 0002:00032fa5       ?initialize_environment@__scrt_narrow_environment_policy@@SAHXZ 1007cfa5 f i LIBCMT:utility.obj
 0002:00032feb       _NtCurrentTeb              1007cfeb f i LIBCMT:utility.obj
 0002:00032ff2       ___scrt_acquire_startup_lock 1007cff2 f   LIBCMT:utility.obj
 0002:00033030       ___scrt_dllmain_after_initialize_c 1007d030 f   LIBCMT:utility.obj
 0002:00033065       ___scrt_dllmain_before_initialize_c 1007d065 f   LIBCMT:utility.obj
 0002:00033076       ___scrt_dllmain_crt_thread_attach 1007d076 f   LIBCMT:utility.obj
 0002:0003309c       ___scrt_dllmain_crt_thread_detach 1007d09c f   LIBCMT:utility.obj
 0002:000330ac       ___scrt_dllmain_exception_filter 1007d0ac f   LIBCMT:utility.obj
 0002:000330ed       ___scrt_dllmain_uninitialize_c 1007d0ed f   LIBCMT:utility.obj
 0002:00033118       ___scrt_dllmain_uninitialize_critical 1007d118 f   LIBCMT:utility.obj
 0002:00033128       ___scrt_initialize_crt     1007d128 f   LIBCMT:utility.obj
 0002:0003316f       ___scrt_initialize_onexit_tables 1007d16f f   LIBCMT:utility.obj
 0002:0003323d       ___scrt_is_nonwritable_in_current_image 1007d23d f   LIBCMT:utility.obj
 0002:000332f6       ___scrt_release_startup_lock 1007d2f6 f   LIBCMT:utility.obj
 0002:0003331a       ___scrt_uninitialize_crt   1007d31a f   LIBCMT:utility.obj
 0002:0003334c       __onexit                   1007d34c f   LIBCMT:utility.obj
 0002:00033395       _at_quick_exit             1007d395 f   LIBCMT:utility.obj
 0002:000333d2       _atexit                    1007d3d2 f   LIBCMT:utility.obj
 0002:000333ec       ___scrt_get_dyn_tls_init_callback 1007d3ec f   LIBCMT:dyn_tls_init.obj
 0002:000333f2       ___scrt_fastfail           1007d3f2 f   LIBCMT:utility_desktop.obj
 0002:00033552       ___scrt_get_show_window_mode 1007d552 f   LIBCMT:utility_desktop.obj
 0002:0003358f       ___scrt_initialize_mta     1007d58f f   LIBCMT:utility_desktop.obj
 0002:00033594       ___scrt_initialize_winrt   1007d594 f   LIBCMT:utility_desktop.obj
 0002:00033597       ___scrt_is_managed_app     1007d597 f   LIBCMT:utility_desktop.obj
 0002:000335ea       ___scrt_set_unhandled_exception_filter 1007d5ea f   LIBCMT:utility_desktop.obj
 0002:000335f9       ___scrt_stub_for_initialize_mta 1007d5f9 f   LIBCMT:utility_desktop.obj
 0002:000335f9       ___scrt_exe_initialize_mta 1007d5f9 f   LIBCMT:utility_desktop.obj
 0002:000335fc       ___scrt_unhandled_exception_filter@4 1007d5fc f   LIBCMT:utility_desktop.obj
 0002:0003364d       __crt_debugger_hook        1007d64d f   LIBCMT:utility_desktop.obj
 0002:00033657       __RTC_Initialize           1007d657 f   LIBCMT:initsect.obj
 0002:0003368e       __RTC_Terminate            1007d68e f   LIBCMT:initsect.obj
 0002:000336c5       __get_startup_argv_mode    1007d6c5 f   LIBCMT:argv_mode.obj
 0002:000336c9       ___scrt_is_ucrt_dll_in_use 1007d6c9 f   LIBCMT:ucrt_detection.obj
 0002:000336d8       _htons@4                   1007d6d8 f   ws2_32:WS2_32.dll
 0002:000336de       _closesocket@4             1007d6de f   ws2_32:WS2_32.dll
 0002:000336e4       _connect@12                1007d6e4 f   ws2_32:WS2_32.dll
 0002:000336ea       _inet_addr@4               1007d6ea f   ws2_32:WS2_32.dll
 0002:000336f0       _recv@16                   1007d6f0 f   ws2_32:WS2_32.dll
 0002:000336f6       _send@16                   1007d6f6 f   ws2_32:WS2_32.dll
 0002:000336fc       _socket@12                 1007d6fc f   ws2_32:WS2_32.dll
 0002:00033702       ___WSAFDIsSet@8            1007d702 f   ws2_32:WS2_32.dll
 0002:00033708       _accept@12                 1007d708 f   ws2_32:WS2_32.dll
 0002:0003370e       _getsockname@12            1007d70e f   ws2_32:WS2_32.dll
 0002:00033714       _listen@8                  1007d714 f   ws2_32:WS2_32.dll
 0002:0003371a       _select@20                 1007d71a f   ws2_32:WS2_32.dll
 0002:00033720       _shutdown@8                1007d720 f   ws2_32:WS2_32.dll
 0002:00033726       _WSAGetLastError@0         1007d726 f   ws2_32:WS2_32.dll
 0002:0003372c       _bind@12                   1007d72c f   ws2_32:WS2_32.dll
 0002:00033732       _ntohs@4                   1007d732 f   ws2_32:WS2_32.dll
 0002:00033738       _WSAStartup@8              1007d738 f   ws2_32:WS2_32.dll
 0002:0003373e       _WSACleanup@0              1007d73e f   ws2_32:WS2_32.dll
 0002:00033744       _WSASetLastError@4         1007d744 f   ws2_32:WS2_32.dll
 0002:0003374a       _getaddrinfo@16            1007d74a f   ws2_32:WS2_32.dll
 0002:00033750       _freeaddrinfo@4            1007d750 f   ws2_32:WS2_32.dll
 0002:00033756       _recvfrom@24               1007d756 f   ws2_32:WS2_32.dll
 0002:0003375c       _sendto@24                 1007d75c f   ws2_32:WS2_32.dll
 0002:00033762       _timeGetTime@0             1007d762 f   Winmm:WINMM.dll
 0002:00033770       _memcpy                    1007d770 f   libvcruntime:memcpy.obj
 0002:00033e50       _memset                    1007de50 f   libvcruntime:memset.obj
 0002:00034000       _strstr                    1007e000 f   libvcruntime:strstr.obj
 0002:0003442c       _memcmp                    1007e42c f   libvcruntime:memcmp.obj
 0002:00036920       _memmove                   10080920 f   libvcruntime:memmove.obj
 0002:00037040       __except_handler4          10081040 f   libvcruntime:chandler4.obj
 0002:000371ec       ___vcrt_GetModuleFileNameW 100811ec f   libvcruntime:winapi_thunks.obj
 0002:00037205       ___vcrt_GetModuleHandleW   10081205 f   libvcruntime:winapi_thunks.obj
 0002:00037216       ___vcrt_LoadLibraryExW     10081216 f   libvcruntime:winapi_thunks.obj
 0002:0003723f       ??$?RD@__crt_internal_free_policy@@QBEXQBD@Z 1008123f f i libvcruntime:std_type_info.obj
 0002:00037253       ??$?RX@__crt_internal_free_policy@@QBEXQBX@Z 10081253 f i libvcruntime:std_type_info.obj
 0002:00037267       ??$__crt_interlocked_compare_exchange_pointer@$$CBDPAD$$T@@YAPBDPDSBDQAD$$T@Z 10081267 f i libvcruntime:std_type_info.obj
 0002:0003727d       ??$__crt_interlocked_read_pointer@$$CBD@@YAPBDPDSBD@Z 1008127d f i libvcruntime:std_type_info.obj
 0002:00037289       ??0?$__crt_unique_heap_ptr@DU__crt_internal_free_policy@@@@QAE@QAD@Z 10081289 f i libvcruntime:std_type_info.obj
 0002:0003729a       ??0?$__crt_unique_heap_ptr@XU__crt_internal_free_policy@@@@QAE@QAX@Z 1008129a f i libvcruntime:std_type_info.obj
 0002:000372ab       ??1?$__crt_unique_heap_ptr@DU__crt_internal_free_policy@@@@QAE@XZ 100812ab f i libvcruntime:std_type_info.obj
 0002:000372bf       ??1?$__crt_unique_heap_ptr@XU__crt_internal_free_policy@@@@QAE@XZ 100812bf f i libvcruntime:std_type_info.obj
 0002:000372df       ??B?$__crt_unique_heap_ptr@DU__crt_internal_free_policy@@@@QBE_NXZ 100812df f i libvcruntime:std_type_info.obj
 0002:000372e6       ??B?$__crt_unique_heap_ptr@XU__crt_internal_free_policy@@@@QBE_NXZ 100812e6 f i libvcruntime:std_type_info.obj
 0002:00037315       ?__crt_interlocked_read_32@@YAHPDH@Z 10081315 f i libvcruntime:std_type_info.obj
 0002:00037321       ?detach@?$__crt_unique_heap_ptr@XU__crt_internal_free_policy@@@@QAEPAXXZ 10081321 f i libvcruntime:std_type_info.obj
 0002:00037327       ?get@?$__crt_unique_heap_ptr@DU__crt_internal_free_policy@@@@QBEPADXZ 10081327 f i libvcruntime:std_type_info.obj
 0002:0003732a       ?get@?$__crt_unique_heap_ptr@XU__crt_internal_free_policy@@@@QBEPAXXZ 1008132a f i libvcruntime:std_type_info.obj
 0002:0003732d       ?is_valid@?$__crt_unique_heap_ptr@DU__crt_internal_free_policy@@@@QBE_NXZ 1008132d f i libvcruntime:std_type_info.obj
 0002:00037334       ?is_valid@?$__crt_unique_heap_ptr@XU__crt_internal_free_policy@@@@QBE_NXZ 10081334 f i libvcruntime:std_type_info.obj
 0002:0003733b       ?release@?$__crt_unique_heap_ptr@DU__crt_internal_free_policy@@@@QAEXXZ 1008133b f i libvcruntime:std_type_info.obj
 0002:0003734f       ?release@?$__crt_unique_heap_ptr@XU__crt_internal_free_policy@@@@QAEXXZ 1008134f f i libvcruntime:std_type_info.obj
 0002:00037363       ___std_type_info_compare   10081363 f   libvcruntime:std_type_info.obj
 0002:000373ae       ___std_type_info_destroy_list 100813ae f   libvcruntime:std_type_info.obj
 0002:000373d9       ___std_type_info_hash      100813d9 f   libvcruntime:std_type_info.obj
 0002:00037408       ___std_type_info_name      10081408 f   libvcruntime:std_type_info.obj
 0002:000374fb       ___vcrt_initialize         100814fb f   libvcruntime:initialization.obj
 0002:0003752e       ___vcrt_thread_attach      1008152e f   libvcruntime:initialization.obj
 0002:0003753b       ___vcrt_thread_detach      1008153b f   libvcruntime:initialization.obj
 0002:00037548       ___vcrt_uninitialize       10081548 f   libvcruntime:initialization.obj
 0002:0003756e       ___vcrt_uninitialize_critical 1008156e f   libvcruntime:initialization.obj
 0002:00037580       _strchr                    10081580 f   libvcruntime:strchr.obj
 0002:000375ee       ___from_strstr_to_strchr   100815ee     libvcruntime:strchr.obj
 0002:00037700       __local_unwind4            10081700 f   libvcruntime:exsup4.obj
 0002:000377d8       __seh_longjmp_unwind4@4    100817d8 f   libvcruntime:exsup4.obj
 0002:00037800       @_EH4_CallFilterFunc@8     10081800 f   libvcruntime:exsup4.obj
 0002:00037818       @_EH4_TransferToHandler@8  10081818 f   libvcruntime:exsup4.obj
 0002:00037834       @_EH4_GlobalUnwind2@8      10081834 f   libvcruntime:exsup4.obj
 0002:00037850       @_EH4_LocalUnwind@16       10081850 f   libvcruntime:exsup4.obj
 0002:000378cd       ___except_validate_context_record 100818cd f   libvcruntime:jbcxrval.obj
 0002:00037909       ___except_validate_jump_buffer 10081909 f   libvcruntime:jbcxrval.obj
 0002:00037941       ___except_validate_jump_buffer_common 10081941 f i libvcruntime:jbcxrval.obj
 0002:00037988       ??0Block@_HeapManager@@QAE@XZ 10081988 f i libvcruntime:undname.obj
 0002:0003798e       ??0DName@@QAE@AAPBDD@Z     1008198e f   libvcruntime:undname.obj
 0002:00037a6c       ??0DName@@QAE@ABV0@@Z      10081a6c f i libvcruntime:undname.obj
 0002:00037a87       ??0DName@@QAE@D@Z          10081a87 f   libvcruntime:undname.obj
 0002:00037ab5       ??0DName@@QAE@PAV0@@Z      10081ab5 f   libvcruntime:undname.obj
 0002:00037b0f       ??0DName@@QAE@PBD@Z        10081b0f f   libvcruntime:undname.obj
 0002:00037b4e       ??0DName@@QAE@W4DNameStatus@@@Z 10081b4e f   libvcruntime:undname.obj
 0002:00037b9e       ??0DName@@QAE@XZ           10081b9e f i libvcruntime:undname.obj
 0002:00037baa       ??0DName@@QAE@_J@Z         10081baa f   libvcruntime:undname.obj
 0002:00037c59       ??0DName@@QAE@_K@Z         10081c59 f   libvcruntime:undname.obj
 0002:00037cd8       ??0DNameNode@@IAE@XZ       10081cd8 f i libvcruntime:undname.obj
 0002:00037ce3       ??0Replicator@@QAE@XZ      10081ce3 f i libvcruntime:undname.obj
 0002:00037cf4       ??0UnDecorator@@QAE@PBDP6APADJ@ZK@Z 10081cf4 f i libvcruntime:undname.obj
 0002:00037d53       ??0charNode@@QAE@D@Z       10081d53 f i libvcruntime:undname.obj
 0002:00037d6d       ??0pDNameNode@@QAE@PAVDName@@@Z 10081d6d f   libvcruntime:undname.obj
 0002:00037d9f       ??0pairNode@@QAE@PBVDNameNode@@0@Z 10081d9f f i libvcruntime:undname.obj
 0002:00037dc5       ??0pcharNode@@QAE@PBDH@Z   10081dc5 f   libvcruntime:undname.obj
 0002:00037e3b       ??2@YAPAXIAAV_HeapManager@@H@Z 10081e3b f i libvcruntime:undname.obj
 0002:00037e55       ??4DName@@QAEAAV0@ABV0@@Z  10081e55 f   libvcruntime:undname.obj
 0002:00037e70       ??4DName@@QAEAAV0@D@Z      10081e70 f i libvcruntime:undname.obj
 0002:00037e9e       ??4DName@@QAEAAV0@PAV0@@Z  10081e9e f   libvcruntime:undname.obj
 0002:00037ef0       ??4DName@@QAEAAV0@PBD@Z    10081ef0 f   libvcruntime:undname.obj
 0002:00037f25       ??4DName@@QAEAAV0@W4DNameStatus@@@Z 10081f25 f   libvcruntime:undname.obj
 0002:00037f63       ??AReplicator@@QBE?AVDName@@H@Z 10081f63 f   libvcruntime:undname.obj
 0002:00037fba       ??H@YA?AVDName@@DABV0@@Z   10081fba f i libvcruntime:undname.obj
 0002:00037fe4       ??H@YA?AVDName@@PBDABV0@@Z 10081fe4 f i libvcruntime:undname.obj
 0002:0003800e       ??H@YA?AVDName@@W4DNameStatus@@ABV0@@Z 1008200e f i libvcruntime:undname.obj
 0002:00038038       ??HDName@@QBE?AV0@ABV0@@Z  10082038 f   libvcruntime:undname.obj
 0002:00038062       ??HDName@@QBE?AV0@D@Z      10082062 f   libvcruntime:undname.obj
 0002:0003808c       ??HDName@@QBE?AV0@PAV0@@Z  1008208c f   libvcruntime:undname.obj
 0002:000380b6       ??HDName@@QBE?AV0@PBD@Z    100820b6 f   libvcruntime:undname.obj
 0002:000380e0       ??HDName@@QBE?AV0@W4DNameStatus@@@Z 100820e0 f   libvcruntime:undname.obj
 0002:0003810a       ??YDName@@QAEAAV0@ABV0@@Z  1008210a f   libvcruntime:undname.obj
 0002:0003815b       ??YDName@@QAEAAV0@D@Z      1008215b f   libvcruntime:undname.obj
 0002:000381bf       ??YDName@@QAEAAV0@PAV0@@Z  100821bf f   libvcruntime:undname.obj
 0002:0003823d       ??YDName@@QAEAAV0@PBD@Z    1008223d f   libvcruntime:undname.obj
 0002:000382b6       ??YDName@@QAEAAV0@W4DNameStatus@@@Z 100822b6 f   libvcruntime:undname.obj
 0002:00038306       ??YReplicator@@QAEAAV0@ABVDName@@@Z 10082306 f   libvcruntime:undname.obj
 0002:00038362       ??_5DName@@QAEAAV0@ABV0@@Z 10082362 f   libvcruntime:undname.obj
 0002:00038385       ?Constructor@_HeapManager@@QAEXP6APAXI@ZP6AXPAX@Z@Z 10082385 f i libvcruntime:undname.obj
 0002:000383a9       ?Destructor@_HeapManager@@QAEXXZ 100823a9 f i libvcruntime:undname.obj
 0002:000383ef       ?UScore@UnDecorator@@SAPBDW4Tokens@@@Z 100823ef f   libvcruntime:undname.obj
 0002:00038415       ?append@DName@@AAEXPBVDNameNode@@@Z 10082415 f   libvcruntime:undname.obj
 0002:0003846c       ?composeDeclaration@UnDecorator@@CA?AVDName@@ABV2@@Z 1008246c f i libvcruntime:undname.obj
 0002:00039480       ?doAccessSpecifiers@UnDecorator@@SAHXZ 10083480 f i libvcruntime:undname.obj
 0002:00039491       ?doAllocationLanguage@UnDecorator@@SAHXZ 10083491 f i libvcruntime:undname.obj
 0002:000394a2       ?doAllocationModel@UnDecorator@@SAHXZ 100834a2 f i libvcruntime:undname.obj
 0002:000394b3       ?doEcsu@UnDecorator@@SAHXZ 100834b3 f i libvcruntime:undname.obj
 0002:000394c4       ?doEllipsis@UnDecorator@@SAHXZ 100834c4 f i libvcruntime:undname.obj
 0002:000394d5       ?doFunctionReturns@UnDecorator@@SAHXZ 100834d5 f i libvcruntime:undname.obj
 0002:000394e6       ?doMSKeywords@UnDecorator@@SAHXZ 100834e6 f i libvcruntime:undname.obj
 0002:000394f6       ?doMemberTypes@UnDecorator@@SAHXZ 100834f6 f i libvcruntime:undname.obj
 0002:00039507       ?doNameOnly@UnDecorator@@SAHXZ 10083507 f i libvcruntime:undname.obj
 0002:00039514       ?doNoIdentCharCheck@UnDecorator@@SAHXZ 10083514 f i libvcruntime:undname.obj
 0002:00039521       ?doPchar@DName@@AAEXPBDH@Z 10083521 f   libvcruntime:undname.obj
 0002:000395c8       ?doPtr64@UnDecorator@@SAHXZ 100835c8 f i libvcruntime:undname.obj
 0002:000395d9       ?doRestrictionSpec@UnDecorator@@SAHXZ 100835d9 f i libvcruntime:undname.obj
 0002:000395ea       ?doThisTypes@UnDecorator@@SAHXZ 100835ea f i libvcruntime:undname.obj
 0002:00039600       ?doThrowTypes@UnDecorator@@SAHXZ 10083600 f i libvcruntime:undname.obj
 0002:00039611       ?doTypeOnly@UnDecorator@@SAHXZ 10083611 f i libvcruntime:undname.obj
 0002:0003961e       ?doUnderScore@UnDecorator@@SAHXZ 1008361e f i libvcruntime:undname.obj
 0002:0003962b       ?getArgumentList@UnDecorator@@CA?AVDName@@XZ 1008362b f   libvcruntime:undname.obj
 0002:0003975e       ?getArgumentTypes@UnDecorator@@CA?AVDName@@XZ 1008375e f   libvcruntime:undname.obj
 0002:0003985a       ?getArrayType@UnDecorator@@CA?AVDName@@ABV2@@Z 1008385a f i libvcruntime:undname.obj
 0002:00039a77       ?getBasedType@UnDecorator@@CA?AVDName@@XZ 10083a77 f   libvcruntime:undname.obj
 0002:00039b35       ?getBasicDataType@UnDecorator@@CA?AVDName@@ABV2@@Z 10083b35 f   libvcruntime:undname.obj
 0002:0003a00b       ?getCHPEName@UnDecorator@@QAEPADPADH@Z 1008400b f i libvcruntime:undname.obj
 0002:0003a121       ?getCallIndex@UnDecorator@@CA?AVDName@@XZ 10084121 f i libvcruntime:undname.obj
 0002:0003a13a       ?getCallingConvention@UnDecorator@@CA?AVDName@@XZ 1008413a f   libvcruntime:undname.obj
 0002:0003a241       ?getDataIndirectType@UnDecorator@@CA?AVDName@@ABV2@PBD0H@Z 10084241 f   libvcruntime:undname.obj
 0002:0003a9a5       ?getDataIndirectType@UnDecorator@@CA?AVDName@@XZ 100849a5 f i libvcruntime:undname.obj
 0002:0003a9e3       ?getDataType@UnDecorator@@CA?AVDName@@PAV2@@Z 100849e3 f   libvcruntime:undname.obj
 0002:0003aad9       ?getDecoratedName@UnDecorator@@CA?AVDName@@XZ 10084ad9 f   libvcruntime:undname.obj
 0002:0003adab       ?getDimension@UnDecorator@@CA?AVDName@@_N@Z 10084dab f   libvcruntime:undname.obj
 0002:0003af11       ?getDispatchTarget@UnDecorator@@CA?AVDName@@XZ 10084f11 f   libvcruntime:undname.obj
 0002:0003af7a       ?getDisplacement@UnDecorator@@CA?AVDName@@XZ 10084f7a f i libvcruntime:undname.obj
 0002:0003af93       ?getECSUDataType@UnDecorator@@CA?AVDName@@XZ 10084f93 f   libvcruntime:undname.obj
 0002:0003b0f1       ?getECSUName@UnDecorator@@CA?AVDName@@XZ 100850f1 f i libvcruntime:undname.obj
 0002:0003b106       ?getEnumType@UnDecorator@@CA?AVDName@@XZ 10085106 f i libvcruntime:undname.obj
 0002:0003b232       ?getExtendedDataIndirectType@UnDecorator@@CA?AVDName@@AAPBDAA_NH@Z 10085232 f   libvcruntime:undname.obj
 0002:0003b456       ?getExternalDataType@UnDecorator@@CA?AVDName@@ABV2@@Z 10085456 f i libvcruntime:undname.obj
 0002:0003b4d6       ?getFunctionIndirectType@UnDecorator@@CA?AVDName@@ABV2@@Z 100854d6 f   libvcruntime:undname.obj
 0002:0003b9a4       ?getGuardNumber@UnDecorator@@CA?AVDName@@XZ 100859a4 f i libvcruntime:undname.obj
 0002:0003b9bd       ?getLastChar@DName@@QBEDXZ 100859bd f i libvcruntime:undname.obj
 0002:0003b9e5       ?getLastChar@DNameStatusNode@@UBEDXZ 100859e5 f i libvcruntime:undname.obj
 0002:0003b9f4       ?getLastChar@charNode@@UBEDXZ 100859f4 f i libvcruntime:undname.obj
 0002:0003b9f8       ?getLastChar@pDNameNode@@UBEDXZ 100859f8 f i libvcruntime:undname.obj
 0002:0003ba09       ?getLastChar@pairNode@@UBEDXZ 10085a09 f i libvcruntime:undname.obj
 0002:0003ba4b       ?getLastChar@pcharNode@@UBEDXZ 10085a4b f i libvcruntime:undname.obj
 0002:0003ba61       ?getLexicalFrame@UnDecorator@@CA?AVDName@@XZ 10085a61 f i libvcruntime:undname.obj
 0002:0003baaf       ?getMemory@_HeapManager@@QAEPAXIH@Z 10085aaf f   libvcruntime:undname.obj
 0002:0003bb57       ?getNoexcept@UnDecorator@@CA?AVDName@@XZ 10085b57 f   libvcruntime:undname.obj
 0002:0003bbad       ?getNumberOfDimensions@UnDecorator@@CAHXZ 10085bad f   libvcruntime:undname.obj
 0002:0003bc26       ?getOperatorName@UnDecorator@@CA?AVDName@@_NPA_N@Z 10085c26 f i libvcruntime:undname.obj
 0002:0003c414       ?getPointerType@UnDecorator@@CA?AVDName@@ABV2@0@Z 10086414 f i libvcruntime:undname.obj
 0002:0003c439       ?getPointerTypeArray@UnDecorator@@CA?AVDName@@ABV2@0@Z 10086439 f i libvcruntime:undname.obj
 0002:0003c45e       ?getPrimaryDataType@UnDecorator@@CA?AVDName@@ABV2@@Z 1008645e f   libvcruntime:undname.obj
 0002:0003c6bb       ?getPtrRefDataType@UnDecorator@@CA?AVDName@@ABV2@H@Z 100866bb f   libvcruntime:undname.obj
 0002:0003c82e       ?getPtrRefType@UnDecorator@@CA?AVDName@@ABV2@0PBD@Z 1008682e f   libvcruntime:undname.obj
 0002:0003c966       ?getReferenceType@UnDecorator@@CA?AVDName@@ABV2@0PBD@Z 10086966 f i libvcruntime:undname.obj
 0002:0003c989       ?getRestrictionSpec@UnDecorator@@CA?AVDName@@XZ 10086989 f   libvcruntime:undname.obj
 0002:0003cac0       ?getReturnType@UnDecorator@@CA?AVDName@@PAV2@@Z 10086ac0 f   libvcruntime:undname.obj
 0002:0003cafa       ?getScope@UnDecorator@@CA?AVDName@@XZ 10086afa f   libvcruntime:undname.obj
 0002:0003cf73       ?getScopedName@UnDecorator@@CA?AVDName@@XZ 10086f73 f   libvcruntime:undname.obj
 0002:0003d07c       ?getSignedDimension@UnDecorator@@CA?AVDName@@XZ 1008707c f   libvcruntime:undname.obj
 0002:0003d0e1       ?getStorageConvention@UnDecorator@@CA?AVDName@@XZ 100870e1 f i libvcruntime:undname.obj
 0002:0003d0f6       ?getString@DName@@QBEPADPAD0@Z 100870f6 f i libvcruntime:undname.obj
 0002:0003d12e       ?getString@DName@@QBEPADPADH@Z 1008712e f i libvcruntime:undname.obj
 0002:0003d199       ?getString@DNameStatusNode@@UBEPADPAD0@Z 10087199 f i libvcruntime:undname.obj
 0002:0003d1c9       ?getString@charNode@@UBEPADPAD0@Z 100871c9 f i libvcruntime:undname.obj
 0002:0003d1e3       ?getString@pDNameNode@@UBEPADPAD0@Z 100871e3 f i libvcruntime:undname.obj
 0002:0003d1ff       ?getString@pairNode@@UBEPADPAD0@Z 100871ff f i libvcruntime:undname.obj
 0002:0003d256       ?getString@pcharNode@@UBEPADPAD0@Z 10087256 f i libvcruntime:undname.obj
 0002:0003d277       ?getStringEncoding@UnDecorator@@CA?AVDName@@PBDH@Z 10087277 f   libvcruntime:undname.obj
 0002:0003d353       ?getStringHelper@@YAPADPADPBD1H@Z 10087353 f i libvcruntime:undname.obj
 0002:0003d397       ?getSymbolName@UnDecorator@@CA?AVDName@@XZ 10087397 f i libvcruntime:undname.obj
 0002:0003d3f1       ?getTemplateArgumentList@UnDecorator@@CA?AVDName@@XZ 100873f1 f   libvcruntime:undname.obj
 0002:0003d735       ?getTemplateConstant@UnDecorator@@CA?AVDName@@XZ 10087735 f   libvcruntime:undname.obj
 0002:0003db33       ?getTemplateName@UnDecorator@@CA?AVDName@@_N@Z 10087b33 f   libvcruntime:undname.obj
 0002:0003dced       ?getThisType@UnDecorator@@CA?AVDName@@XZ 10087ced f i libvcruntime:undname.obj
 0002:0003dd2c       ?getThrowTypes@UnDecorator@@CA?AVDName@@XZ 10087d2c f   libvcruntime:undname.obj
 0002:0003dd57       ?getTypeEncoding@UnDecorator@@CAHXZ 10087d57 f i libvcruntime:undname.obj
 0002:0003e149       ?getUndecoratedName@UnDecorator@@QAEPADPADH@Z 10088149 f i libvcruntime:undname.obj
 0002:0003e23e       ?getVCallThunkType@UnDecorator@@CA?AVDName@@XZ 1008823e f i libvcruntime:undname.obj
 0002:0003e296       ?getVbTableType@UnDecorator@@CA?AVDName@@ABV2@@Z 10088296 f i libvcruntime:undname.obj
 0002:0003e2b0       ?getVdispMapType@UnDecorator@@CA?AVDName@@ABV2@@Z 100882b0 f i libvcruntime:undname.obj
 0002:0003e319       ?getVfTableType@UnDecorator@@CA?AVDName@@ABV2@@Z 10088319 f i libvcruntime:undname.obj
 0002:0003e4d4       ?getZName@UnDecorator@@CA?AVDName@@_N0@Z 100884d4 f   libvcruntime:undname.obj
 0002:0003e752       ?haveTemplateParameters@UnDecorator@@SAHXZ 10088752 f i libvcruntime:undname.obj
 0002:0003e75f       ?isArray@DName@@QBEHXZ     1008875f f i libvcruntime:undname.obj
 0002:0003e76b       ?isComArray@DName@@QBEHXZ  1008876b f i libvcruntime:undname.obj
 0002:0003e777       ?isEmpty@DName@@QBEHXZ     10088777 f i libvcruntime:undname.obj
 0002:0003e781       ?isFull@Replicator@@QBEHXZ 10088781 f i libvcruntime:undname.obj
 0002:0003e78c       ?isNoTE@DName@@QBEHXZ      1008878c f i libvcruntime:undname.obj
 0002:0003e798       ?isPinPtr@DName@@QBEHXZ    10088798 f i libvcruntime:undname.obj
 0002:0003e7a4       ?isPtrRef@DName@@QBEHXZ    100887a4 f i libvcruntime:undname.obj
 0002:0003e7b0       ?isUDC@DName@@QBEHXZ       100887b0 f i libvcruntime:undname.obj
 0002:0003e7c5       ?isUDTThunk@DName@@QBEHXZ  100887c5 f i libvcruntime:undname.obj
 0002:0003e7da       ?isVCallThunk@DName@@QBEHXZ 100887da f i libvcruntime:undname.obj
 0002:0003e7e6       ?isValid@DName@@QBEHXZ     100887e6 f i libvcruntime:undname.obj
 0002:0003e7f2       ?length@DName@@QBEHXZ      100887f2 f i libvcruntime:undname.obj
 0002:0003e818       ?length@DNameStatusNode@@UBEHXZ 10088818 f i libvcruntime:undname.obj
 0002:0003e81c       ?length@charNode@@UBEHXZ   1008881c f i libvcruntime:undname.obj
 0002:0003e820       ?length@pDNameNode@@UBEHXZ 10088820 f i libvcruntime:undname.obj
 0002:0003e831       ?length@pairNode@@UBEHXZ   10088831 f i libvcruntime:undname.obj
 0002:0003e888       ?length@pcharNode@@UBEHXZ  10088888 f i libvcruntime:undname.obj
 0002:0003e88c       ?make@DNameStatusNode@@SAPBV1@W4DNameStatus@@@Z 1008888c f i libvcruntime:undname.obj
 0002:0003e8af       ?parseDecoratedName@UnDecorator@@CA?AVDName@@XZ 100888af f   libvcruntime:undname.obj
 0002:0003e9d8       ?setIsArray@DName@@QAEXXZ  100889d8 f i libvcruntime:undname.obj
 0002:0003e9e2       ?setIsComArray@DName@@QAEXXZ 100889e2 f i libvcruntime:undname.obj
 0002:0003e9ec       ?setIsNoTE@DName@@QAEXXZ   100889ec f i libvcruntime:undname.obj
 0002:0003e9f6       ?setIsPinPtr@DName@@QAEXXZ 100889f6 f i libvcruntime:undname.obj
 0002:0003ea00       ?setIsUDC@DName@@QAEXXZ    10088a00 f i libvcruntime:undname.obj
 0002:0003ea10       ?setIsVCallThunk@DName@@QAEXXZ 10088a10 f i libvcruntime:undname.obj
 0002:0003ea1a       ?setPtrRef@DName@@QAEAAV1@XZ 10088a1a f i libvcruntime:undname.obj
 0002:0003ea26       ?status@DName@@QBE?AW4DNameStatus@@XZ 10088a26 f i libvcruntime:undname.obj
 0002:0003eaab       ___unDName                 10088aab f   libvcruntime:undname.obj
 0002:0003ead6       ___unDNameEx               10088ad6 f   libvcruntime:undname.obj
 0002:0003eb9c       _unDNameGenerateCHPE       10088b9c f   libvcruntime:undname.obj
 0002:0003ec0f       ??$?RU__vcrt_ptd@@@__crt_internal_free_policy@@QBEXQBU__vcrt_ptd@@@Z 10088c0f f i libvcruntime:per_thread_data.obj
 0002:0003ec23       ??0?$__crt_unique_heap_ptr@U__vcrt_ptd@@U__crt_internal_free_policy@@@@QAE@QAU__vcrt_ptd@@@Z 10088c23 f i libvcruntime:per_thread_data.obj
 0002:0003ec46       ??1?$__crt_unique_heap_ptr@U__vcrt_ptd@@U__crt_internal_free_policy@@@@QAE@XZ 10088c46 f i libvcruntime:per_thread_data.obj
 0002:0003ec65       ??B?$__crt_unique_heap_ptr@U__vcrt_ptd@@U__crt_internal_free_policy@@@@QBE_NXZ 10088c65 f i libvcruntime:per_thread_data.obj
 0002:0003ec6c       ?detach@?$__crt_unique_heap_ptr@U__vcrt_ptd@@U__crt_internal_free_policy@@@@QAEPAU__vcrt_ptd@@XZ 10088c6c f i libvcruntime:per_thread_data.obj
 0002:0003ec72       ?get@?$__crt_unique_heap_ptr@U__vcrt_ptd@@U__crt_internal_free_policy@@@@QBEPAU__vcrt_ptd@@XZ 10088c72 f i libvcruntime:per_thread_data.obj
 0002:0003ec75       ?is_valid@?$__crt_unique_heap_ptr@U__vcrt_ptd@@U__crt_internal_free_policy@@@@QBE_NXZ 10088c75 f i libvcruntime:per_thread_data.obj
 0002:0003ec7c       ?release@?$__crt_unique_heap_ptr@U__vcrt_ptd@@U__crt_internal_free_policy@@@@QAEXXZ 10088c7c f i libvcruntime:per_thread_data.obj
 0002:0003ecb0       ___vcrt_freefls@4          10088cb0 f   libvcruntime:per_thread_data.obj
 0002:0003ecd3       ___vcrt_freeptd            10088cd3 f   libvcruntime:per_thread_data.obj
 0002:0003ed16       ___vcrt_getptd             10088d16 f   libvcruntime:per_thread_data.obj
 0002:0003ed27       ___vcrt_getptd_noexit      10088d27 f   libvcruntime:per_thread_data.obj
 0002:0003eddd       ___vcrt_getptd_noinit      10088ddd f   libvcruntime:per_thread_data.obj
 0002:0003ee21       ___vcrt_initialize_ptd     10088e21 f   libvcruntime:per_thread_data.obj
 0002:0003ee60       ___vcrt_uninitialize_ptd   10088e60 f   libvcruntime:per_thread_data.obj
 0002:0003ee81       ___vcrt_initialize_locks   10088e81 f   libvcruntime:locks.obj
 0002:0003eecc       ___vcrt_lock               10088ecc f   libvcruntime:locks.obj
 0002:0003eee6       ___vcrt_uninitialize_locks 10088ee6 f   libvcruntime:locks.obj
 0002:0003ef20       ___vcrt_unlock             10088f20 f   libvcruntime:locks.obj
 0002:0003ef3a       ??$?BX@__crt_fast_encoded_nullptr_t@@QBEPAXXZ 10088f3a f i libvcruntime:winapi_downlevel.obj
 0002:0003ef40       ??$__crt_fast_decode_pointer@PAX@@YAPAXQAX@Z 10088f40 f i libvcruntime:winapi_downlevel.obj
 0002:0003ef59       ??$__crt_fast_encode_pointer@PAX@@YAPAXQAX@Z 10088f59 f i libvcruntime:winapi_downlevel.obj
 0002:0003ef7d       ??$__crt_interlocked_exchange_pointer@UHINSTANCE__@@PAU1@@@YAPAUHINSTANCE__@@PDSAU0@QAU0@@Z 10088f7d f i libvcruntime:winapi_downlevel.obj
 0002:0003ef8d       ??$__crt_interlocked_exchange_pointer@UHINSTANCE__@@PAX@@YAPAUHINSTANCE__@@PDSAU0@QAX@Z 10088f8d f i libvcruntime:winapi_downlevel.obj
 0002:0003ef9d       ??$__crt_interlocked_exchange_pointer@XPAX@@YAPAXPDSAXQAX@Z 10088f9d f i libvcruntime:winapi_downlevel.obj
 0002:0003efad       ??$__crt_interlocked_read_pointer@UHINSTANCE__@@@@YAPAUHINSTANCE__@@PDSAU0@@Z 10088fad f i libvcruntime:winapi_downlevel.obj
 0002:0003efb9       ??$__crt_interlocked_read_pointer@X@@YAPAXPDSAX@Z 10088fb9 f i libvcruntime:winapi_downlevel.obj
 0002:0003efc5       ?__crt_fast_encode_pointer@@YA?AU__crt_fast_encoded_nullptr_t@@$$T@Z 10088fc5 f i libvcruntime:winapi_downlevel.obj
 0002:0003f2f8       ___vcrt_FlsAlloc           100892f8 f   libvcruntime:winapi_downlevel.obj
 0002:0003f341       ___vcrt_FlsFree            10089341 f   libvcruntime:winapi_downlevel.obj
 0002:0003f38a       ___vcrt_FlsGetValue        1008938a f   libvcruntime:winapi_downlevel.obj
 0002:0003f3d3       ___vcrt_FlsSetValue        100893d3 f   libvcruntime:winapi_downlevel.obj
 0002:0003f420       ___vcrt_InitializeCriticalSectionEx 10089420 f   libvcruntime:winapi_downlevel.obj
 0002:0003f478       ___vcrt_initialize_winapi_thunks 10089478 f   libvcruntime:winapi_downlevel.obj
 0002:0003f4ab       ___vcrt_uninitialize_winapi_thunks 100894ab f   libvcruntime:winapi_downlevel.obj
 0002:0003f4e9       ??$?B$$A6AXXZ@__crt_fast_encoded_nullptr_t@@QBEP6AXXZXZ 100894e9 f i libvcruntime:purevirt_data.obj
 0002:0003f4ef       ??$__crt_fast_encode_pointer@P6AXXZ@@YAP6AXXZQ6AXXZ@Z 100894ef f i libvcruntime:purevirt_data.obj
 0002:0003f513       ___vcrt_initialize_pure_virtual_call_handler 10089513 f   libvcruntime:purevirt_data.obj
 0002:0003f520       __global_unwind2           10089520 f   libvcruntime:exsup.obj
 0002:0003f586       __local_unwind2            10089586 f   libvcruntime:exsup.obj
 0002:0003f60a       __abnormal_termination     1008960a f   libvcruntime:exsup.obj
 0002:0003f630       __NLG_Notify1              10089630 f   libvcruntime:exsup.obj
 0002:0003f63c       __NLG_Notify               1008963c f   libvcruntime:exsup.obj
 0002:0003f653       __NLG_Dispatch2            10089653     libvcruntime:exsup.obj
 0002:0003f653       __NLG_Dispatch             10089653     libvcruntime:exsup.obj
 0002:0003f65b       __NLG_Call                 1008965b f   libvcruntime:exsup.obj
 0002:0003f65d       __NLG_Return2              1008965d     libvcruntime:exsup.obj
 0002:0003f6ad       ??$__crt_fast_decode_pointer@P6AXXZ@@YAP6AXXZQ6AXXZ@Z 100896ad f i libvcruntime:purevirt.obj
 0002:0003f6c6       ??$__crt_interlocked_exchange_pointer@$$A6AXXZP6AXXZ@@YAP6AXXZPDS6AXXZQ6AXXZ@Z 100896c6 f i libvcruntime:purevirt.obj
 0002:0003f6d6       ??$__crt_interlocked_read_pointer@$$A6AXXZ@@YAP6AXXZPDS6AXXZ@Z 100896d6 f i libvcruntime:purevirt.obj
 0002:0003f6e2       __get_purecall_handler     100896e2 f   libvcruntime:purevirt.obj
 0002:0003f6fc       __purecall                 100896fc f   libvcruntime:purevirt.obj
 0002:0003f71f       __set_purecall_handler     1008971f f   libvcruntime:purevirt.obj
 0002:0003f74d       ??$?0AAViterator@TryBlockMap@__FrameHandler3@@AAV012@$0A@@?$pair@Viterator@TryBlockMap@__FrameHandler3@@V123@@std@@QAE@AAViterator@TryBlockMap@__FrameHandler3@@0@Z 1008974d f i libvcruntime:trnsctrl.obj
 0002:0003f77a       ??$forward@AAViterator@TryBlockMap@__FrameHandler3@@@std@@YAAAViterator@TryBlockMap@__FrameHandler3@@AAV123@@Z 1008977a f i libvcruntime:trnsctrl.obj
 0002:0003f784       ??0iterator@TryBlockMap@__FrameHandler3@@QAE@AAV12@I@Z 10089784 f i libvcruntime:trnsctrl.obj
 0002:0003f79d       ?GetRangeOfTrysToCheck@__FrameHandler3@@SA?AU?$pair@Viterator@TryBlockMap@__FrameHandler3@@V123@@std@@AAVTryBlockMap@1@HH@Z 1008979d f   libvcruntime:trnsctrl.obj
 0002:0003f83f       ?_CallCatchBlock2@@YAPAXPAUEHRegistrationNode@@PBU_s_FuncInfo@@PAXHK@Z 1008983f f   libvcruntime:trnsctrl.obj
 0002:0003f8b4       ?_CallSETranslator@@YAHPAUEHExceptionRecord@@PAUEHRegistrationNode@@PAX2PBU_s_FuncInfo@@H1@Z 100898b4 f   libvcruntime:trnsctrl.obj
 0002:0003f9c5       ?_JumpToContinuation@@YGXPAXPAUEHRegistrationNode@@@Z 100899c5 f   libvcruntime:trnsctrl.obj
 0002:0003fa01       ?_UnwindNestedFrames@@YGXPAUEHRegistrationNode@@PAUEHExceptionRecord@@@Z 10089a01 f   libvcruntime:trnsctrl.obj
 0002:0003fa68       ?getFuncInfo@TryBlockMap@__FrameHandler3@@QAEPBU_s_FuncInfo@@XZ 10089a68 f i libvcruntime:trnsctrl.obj
 0002:0003fa6b       __CatchGuardHandler        10089a6b f   libvcruntime:trnsctrl.obj
 0002:0003faa8       __CreateFrameInfo          10089aa8 f   libvcruntime:trnsctrl.obj
 0002:0003fad5       __FindAndUnlinkFrame       10089ad5 f   libvcruntime:trnsctrl.obj
 0002:0003fb2b       __TranslatorGuardHandler   10089b2b f   libvcruntime:trnsctrl.obj
 0002:0003fbef       ___CxxFrameHandler         10089bef f   libvcruntime:trnsctrl.obj
 0002:0003fc32       ___CxxFrameHandler2        10089c32 f   libvcruntime:trnsctrl.obj
 0002:0003fc75       ___CxxFrameHandler3        10089c75 f   libvcruntime:trnsctrl.obj
 0002:0003fcb8       ___CxxLongjmpUnwind@4      10089cb8 f   libvcruntime:trnsctrl.obj
 0002:00040599       ??$TypeMatchHelper@$$CBU_s_HandlerType@@@@YAHPBU_s_HandlerType@@PBU_s_CatchableType@@PBU_s_ThrowInfo@@@Z 1008a599 f i libvcruntime:frame.obj
 0002:0004064a       ??$__InternalCxxFrameHandler@V__FrameHandler3@@@@YA?AW4_EXCEPTION_DISPOSITION@@PAUEHExceptionRecord@@PAUEHRegistrationNode@@PAU_CONTEXT@@PAXPBU_s_FuncInfo@@H1E@Z 1008a64a f i libvcruntime:frame.obj
 0002:0004078c       ??0HandlerMap@__FrameHandler3@@QAE@PBU_s_TryBlockMapEntry@@PAX@Z 1008a78c f i libvcruntime:frame.obj
 0002:000407a8       ??0TryBlockMap@__FrameHandler3@@QAE@PBU_s_FuncInfo@@PAX@Z 1008a7a8 f i libvcruntime:frame.obj
 0002:000407c1       ??0bad_exception@std@@QAE@ABV01@@Z 1008a7c1 f i libvcruntime:frame.obj
 0002:000407e2       ??0bad_exception@std@@QAE@XZ 1008a7e2 f i libvcruntime:frame.obj
 0002:00040800       ??0exception@std@@QAE@ABV01@@Z 1008a800 f i libvcruntime:frame.obj
 0002:00040837       ??0exception@std@@QAE@QBDH@Z 1008a837 f i libvcruntime:frame.obj
 0002:0004085b       ??0iterator@HandlerMap@__FrameHandler3@@QAE@AAV12@I@Z 1008a85b f i libvcruntime:frame.obj
 0002:00040874       ??1bad_exception@std@@UAE@XZ 1008a874 f i libvcruntime:frame.obj
 0002:00040889       ??1exception@std@@UAE@XZ   1008a889 f i libvcruntime:frame.obj
 0002:0004089e       ??8iterator@HandlerMap@__FrameHandler3@@QBE_NABV012@@Z 1008a89e f i libvcruntime:frame.obj
 0002:000408b5       ??8type_info@@QBE_NABV0@@Z 1008a8b5 f i libvcruntime:frame.obj
 0002:000408db       ??9iterator@HandlerMap@__FrameHandler3@@QBE_NABV012@@Z 1008a8db f i libvcruntime:frame.obj
 0002:000408f2       ??Diterator@HandlerMap@__FrameHandler3@@QAEPBU_s_HandlerType@@XZ 1008a8f2 f i libvcruntime:frame.obj
 0002:00040901       ??Diterator@TryBlockMap@__FrameHandler3@@QAEPBU_s_TryBlockMapEntry@@XZ 1008a901 f i libvcruntime:frame.obj
 0002:00040910       ??Eiterator@HandlerMap@__FrameHandler3@@QAEAAV012@XZ 1008a910 f i libvcruntime:frame.obj
 0002:00040916       ??Eiterator@TryBlockMap@__FrameHandler3@@QAEAAV012@XZ 1008a916 f i libvcruntime:frame.obj
 0002:0004091c       ??Miterator@TryBlockMap@__FrameHandler3@@QBE_NABV012@@Z 1008a91c f i libvcruntime:frame.obj
 0002:00040933       ??_Ebad_exception@std@@UAEPAXI@Z 1008a933 f i libvcruntime:frame.obj
 0002:00040933       ??_Gbad_exception@std@@UAEPAXI@Z 1008a933 f i libvcruntime:frame.obj
 0002:0004096b       ??_Eexception@std@@UAEPAXI@Z 1008a96b f i libvcruntime:frame.obj
 0002:0004096b       ??_Gexception@std@@UAEPAXI@Z 1008a96b f i libvcruntime:frame.obj
 0002:000409a3       ?BuildCatchObject@__FrameHandler3@@SAXPAUEHExceptionRecord@@PAXPBU_s_HandlerType@@PBU_s_CatchableType@@@Z 1008a9a3 f   libvcruntime:frame.obj
 0002:000409a8       ?BuildCatchObjectHelper@__FrameHandler3@@SAHPAUEHExceptionRecord@@PAXPBU_s_HandlerType@@PBU_s_CatchableType@@@Z 1008a9a8 f   libvcruntime:frame.obj
 0002:00040c8c       ?FrameUnwindToEmptyState@__FrameHandler3@@SAXPAUEHRegistrationNode@@PAXPBU_s_FuncInfo@@@Z 1008ac8c f   libvcruntime:frame.obj
 0002:00040caa       ?FrameUnwindToState@__FrameHandler3@@SAXPAUEHRegistrationNode@@PAXPBU_s_FuncInfo@@H@Z 1008acaa f   libvcruntime:frame.obj
 0002:00040dcc       ?GetMaxState@__FrameHandler3@@SAHPAXPBU_s_FuncInfo@@@Z 1008adcc f i libvcruntime:frame.obj
 0002:00040ee0       ?TypeMatch@__FrameHandler3@@SAHPBU_s_HandlerType@@PBU_s_CatchableType@@PBU_s_ThrowInfo@@@Z 1008aee0 f   libvcruntime:frame.obj
 0002:00040eeb       ?_CallMemberFunction1@@YGXQAX00@Z 1008aeeb f i libvcruntime:frame.obj
 0002:00040eff       ?_CallMemberFunction2@@YGXQAX00H@Z 1008aeff f i libvcruntime:frame.obj
 0002:00040f16       ?_ValidateExecute@@YA_NP6GHXZ@Z 1008af16 f i libvcruntime:frame.obj
 0002:00040f25       ?_ValidateRead@@YA_NPBXI@Z 1008af25 f i libvcruntime:frame.obj
 0002:00040f34       ?_ValidateWrite@@YA_NPAXI@Z 1008af34 f i libvcruntime:frame.obj
 0002:00040f43       ?begin@HandlerMap@__FrameHandler3@@QAE?AViterator@12@XZ 1008af43 f i libvcruntime:frame.obj
 0002:00040f57       ?end@HandlerMap@__FrameHandler3@@QAE?AViterator@12@XZ 1008af57 f i libvcruntime:frame.obj
 0002:00040f6c       ?getESTypes@__FrameHandler3@@SAPBU_s_ESTypeList@@PBU_s_FuncInfo@@@Z 1008af6c f i libvcruntime:frame.obj
 0002:00040f79       ?getLastEntry@HandlerMap@__FrameHandler3@@QAEPBU_s_HandlerType@@XZ 1008af79 f i libvcruntime:frame.obj
 0002:00040f8a       ?getMagicNum@__FrameHandler3@@SAIPBU_s_FuncInfo@@@Z 1008af8a f i libvcruntime:frame.obj
 0002:00040f9c       ?getNumTryBlocks@TryBlockMap@__FrameHandler3@@QAEIXZ 1008af9c f i libvcruntime:frame.obj
 0002:00040fa2       ?isEHs@__FrameHandler3@@SA_NPBU_s_FuncInfo@@@Z 1008afa2 f i libvcruntime:frame.obj
 0002:00040fb2       ?isNoExcept@__FrameHandler3@@SA_NPBU_s_FuncInfo@@@Z 1008afb2 f i libvcruntime:frame.obj
 0002:00040fc6       ?what@exception@std@@UBEPBDXZ 1008afc6 f i libvcruntime:frame.obj
 0002:00040fd6       ___BuildCatchObject        1008afd6 f   libvcruntime:frame.obj
 0002:00040fdb       ___BuildCatchObjectHelper  1008afdb f   libvcruntime:frame.obj
 0002:00040fe6       ___TypeMatch               1008afe6 f   libvcruntime:frame.obj
 0002:00040ff1       ___vcrt_EncodePointer      1008aff1 f i libvcruntime:frame.obj
 0002:00041010       __CallSettingFrame@12      1008b010 f   libvcruntime:lowhelpr.obj
 0002:00041037       __NLG_Return               1008b037     libvcruntime:lowhelpr.obj
 0002:00041088       __get_unexpected           1008b088 f   libvcruntime:unexpected.obj
 0002:0004109e       _set_unexpected            1008b09e f   libvcruntime:unexpected.obj
 0002:000410c3       _unexpected                1008b0c3 f   libvcruntime:unexpected.obj
 0002:000410e7       ?GetCurrentState@__FrameHandler3@@SAHPAUEHRegistrationNode@@PAXPBU_s_FuncInfo@@@Z 1008b0e7 f   libvcruntime:ehstate.obj
 0002:0004110b       ?SetState@__FrameHandler3@@SAXPAUEHRegistrationNode@@PBU_s_FuncInfo@@H@Z 1008b10b f   libvcruntime:ehstate.obj
 0002:0004111c       ___DestructExceptionObject 1008b11c f   libvcruntime:ehhelpers.obj
 0002:000411e4       ?_CallMemberFunction0@@YGXQAX0@Z 1008b1e4 f i libvcruntime:ehhelpers.obj
 0002:000411f4       ?raw_name@type_info@@QBEPBDXZ 1008b1f4 f i libvcruntime:ehhelpers.obj
 0002:000411f8       __IsExceptionObjectToBeDestroyed 1008b1f8 f   libvcruntime:ehhelpers.obj
 0002:00041227       __SetWinRTOutOfMemoryExceptionCallback 1008b227 f   libvcruntime:ehhelpers.obj
 0002:00041237       ___AdjustPointer           1008b237 f   libvcruntime:ehhelpers.obj
 0002:00041265       ___FrameUnwindFilter       1008b265 f   libvcruntime:ehhelpers.obj
 0002:000412bb       ___GetPlatformExceptionInfo 1008b2bb f   libvcruntime:ehhelpers.obj
 0002:0004131a       ___current_exception       1008b31a f   libvcruntime:ehhelpers.obj
 0002:00041325       ___current_exception_context 1008b325 f   libvcruntime:ehhelpers.obj
 0002:00041330       ___processing_throw        1008b330 f   libvcruntime:ehhelpers.obj
 0002:0004133b       ___std_terminate           1008b33b f   libvcruntime:ehhelpers.obj
 0002:00041340       __is_exception_typeof      1008b340 f   libvcruntime:ehhelpers.obj
 0002:0004140d       ??$?RD@__crt_public_free_policy@@QBEXQBD@Z 1008b40d f i libvcruntime:std_exception.obj
 0002:00041421       ??0?$__crt_unique_heap_ptr@DU__crt_public_free_policy@@@@QAE@QAD@Z 1008b421 f i libvcruntime:std_exception.obj
 0002:00041432       ??1?$__crt_unique_heap_ptr@DU__crt_public_free_policy@@@@QAE@XZ 1008b432 f i libvcruntime:std_exception.obj
 0002:00041446       ??B?$__crt_unique_heap_ptr@DU__crt_public_free_policy@@@@QBE_NXZ 1008b446 f i libvcruntime:std_exception.obj
 0002:0004144d       ?detach@?$__crt_unique_heap_ptr@DU__crt_public_free_policy@@@@QAEPADXZ 1008b44d f i libvcruntime:std_exception.obj
 0002:00041453       ?get@?$__crt_unique_heap_ptr@DU__crt_public_free_policy@@@@QBEPADXZ 1008b453 f i libvcruntime:std_exception.obj
 0002:00041456       ?is_valid@?$__crt_unique_heap_ptr@DU__crt_public_free_policy@@@@QBE_NXZ 1008b456 f i libvcruntime:std_exception.obj
 0002:0004145d       ?release@?$__crt_unique_heap_ptr@DU__crt_public_free_policy@@@@QAEXXZ 1008b45d f i libvcruntime:std_exception.obj
 0002:00041471       ___std_exception_copy      1008b471 f   libvcruntime:std_exception.obj
 0002:000414ec       ___std_exception_destroy   1008b4ec f   libvcruntime:std_exception.obj
 0002:00041512       __CxxThrowException@8      1008b512 f   libvcruntime:throw.obj
 0002:0004159a       ??$?RPAU__crt_stdio_stream_data@@@__crt_internal_free_policy@@QBEXQBQAU__crt_stdio_stream_data@@@Z 1008b59a f i libucrt:_file.obj
 0002:000415b0       ??0?$__crt_unique_heap_ptr@PAU__crt_stdio_stream_data@@U__crt_internal_free_policy@@@@QAE@QAPAU__crt_stdio_stream_data@@@Z 1008b5b0 f i libucrt:_file.obj
 0002:000415c4       ??0__crt_stdio_stream@@QAE@QAU_iobuf@@@Z 1008b5c4 f i libucrt:_file.obj
 0002:000415d8       ??1?$__crt_unique_heap_ptr@PAU__crt_stdio_stream_data@@U__crt_internal_free_policy@@@@QAE@XZ 1008b5d8 f i libucrt:_file.obj
 0002:000415ee       ??C__crt_stdio_stream@@QBEPAU__crt_stdio_stream_data@@XZ 1008b5ee f i libucrt:_file.obj
 0002:000415f1       ?detach@?$__crt_unique_heap_ptr@PAU__crt_stdio_stream_data@@U__crt_internal_free_policy@@@@QAEPAPAU__crt_stdio_stream_data@@XZ 1008b5f1 f i libucrt:_file.obj
 0002:000415f7       ?release@?$__crt_unique_heap_ptr@PAU__crt_stdio_stream_data@@U__crt_internal_free_policy@@@@QAEXXZ 1008b5f7 f i libucrt:_file.obj
 0002:0004160d       ___acrt_initialize_stdio   1008b60d f   libucrt:_file.obj
 0002:00041707       ___acrt_iob_func           1008b707 f   libucrt:_file.obj
 0002:0004171b       ___acrt_uninitialize_stdio 1008b71b f   libucrt:_file.obj
 0002:0004177a       __get_stream_buffer_pointers 1008b77a f   libucrt:_file.obj
 0002:000417d1       __lock_file                1008b7d1 f   libucrt:_file.obj
 0002:000417ea       __unlock_file              1008b7ea f   libucrt:_file.obj
 0002:00041803       ??$?0ABV?$stream_output_adapter@D@__crt_stdio_output@@AB_KABQBDABQAU__crt_locale_pointers@@ABQAD@?$format_validation_base@DV?$stream_output_adapter@D@__crt_stdio_output@@@__crt_stdio_output@@IAE@ABV?$stream_output_adapter@D@1@AB_KABQBDABQAU__crt_locale_pointers@@ABQAD@Z 1008b803 f i libucrt:output.obj
 0002:0004182e       ??$?0ABV?$stream_output_adapter@D@__crt_stdio_output@@AB_KABQBDABQAU__crt_locale_pointers@@ABQAD@?$positional_parameter_base@DV?$stream_output_adapter@D@__crt_stdio_output@@@__crt_stdio_output@@IAE@ABV?$stream_output_adapter@D@1@AB_KABQBDABQAU__crt_locale_pointers@@ABQAD@Z 1008b82e f i libucrt:output.obj
 0002:00041888       ??$?0ABV?$stream_output_adapter@D@__crt_stdio_output@@AB_KABQBDABQAU__crt_locale_pointers@@ABQAD@?$standard_base@DV?$stream_output_adapter@D@__crt_stdio_output@@@__crt_stdio_output@@IAE@ABV?$stream_output_adapter@D@1@AB_KABQBDABQAU__crt_locale_pointers@@ABQAD@Z 1008b888 f i libucrt:output.obj
 0002:000418ca       ??$?0ABV?$stream_output_adapter@_W@__crt_stdio_output@@AB_KABQB_WABQAU__crt_locale_pointers@@ABQAD@?$format_validation_base@_WV?$stream_output_adapter@_W@__crt_stdio_output@@@__crt_stdio_output@@IAE@ABV?$stream_output_adapter@_W@1@AB_KABQB_WABQAU__crt_locale_pointers@@ABQAD@Z 1008b8ca f i libucrt:output.obj
 0002:000418f5       ??$?0ABV?$stream_output_adapter@_W@__crt_stdio_output@@AB_KABQB_WABQAU__crt_locale_pointers@@ABQAD@?$positional_parameter_base@_WV?$stream_output_adapter@_W@__crt_stdio_output@@@__crt_stdio_output@@IAE@ABV?$stream_output_adapter@_W@1@AB_KABQB_WABQAU__crt_locale_pointers@@ABQAD@Z 1008b8f5 f i libucrt:output.obj
 0002:0004194f       ??$?0ABV?$stream_output_adapter@_W@__crt_stdio_output@@AB_KABQB_WABQAU__crt_locale_pointers@@ABQAD@?$standard_base@_WV?$stream_output_adapter@_W@__crt_stdio_output@@@__crt_stdio_output@@IAE@ABV?$stream_output_adapter@_W@1@AB_KABQB_WABQAU__crt_locale_pointers@@ABQAD@Z 1008b94f f i libucrt:output.obj
 0002:00041991       ??$?0ABV?$string_output_adapter@D@__crt_stdio_output@@AB_KABQBDABQAU__crt_locale_pointers@@ABQAD@?$format_validation_base@DV?$string_output_adapter@D@__crt_stdio_output@@@__crt_stdio_output@@IAE@ABV?$string_output_adapter@D@1@AB_KABQBDABQAU__crt_locale_pointers@@ABQAD@Z 1008b991 f i libucrt:output.obj
 0002:000419bc       ??$?0ABV?$string_output_adapter@D@__crt_stdio_output@@AB_KABQBDABQAU__crt_locale_pointers@@ABQAD@?$positional_parameter_base@DV?$string_output_adapter@D@__crt_stdio_output@@@__crt_stdio_output@@IAE@ABV?$string_output_adapter@D@1@AB_KABQBDABQAU__crt_locale_pointers@@ABQAD@Z 1008b9bc f i libucrt:output.obj
 0002:00041a16       ??$?0ABV?$string_output_adapter@D@__crt_stdio_output@@AB_KABQBDABQAU__crt_locale_pointers@@ABQAD@?$standard_base@DV?$string_output_adapter@D@__crt_stdio_output@@@__crt_stdio_output@@IAE@ABV?$string_output_adapter@D@1@AB_KABQBDABQAU__crt_locale_pointers@@ABQAD@Z 1008ba16 f i libucrt:output.obj
 0002:00041a58       ??$?0ABV?$string_output_adapter@_W@__crt_stdio_output@@AB_KABQB_WABQAU__crt_locale_pointers@@ABQAD@?$format_validation_base@_WV?$string_output_adapter@_W@__crt_stdio_output@@@__crt_stdio_output@@IAE@ABV?$string_output_adapter@_W@1@AB_KABQB_WABQAU__crt_locale_pointers@@ABQAD@Z 1008ba58 f i libucrt:output.obj
 0002:00041a83       ??$?0ABV?$string_output_adapter@_W@__crt_stdio_output@@AB_KABQB_WABQAU__crt_locale_pointers@@ABQAD@?$positional_parameter_base@_WV?$string_output_adapter@_W@__crt_stdio_output@@@__crt_stdio_output@@IAE@ABV?$string_output_adapter@_W@1@AB_KABQB_WABQAU__crt_locale_pointers@@ABQAD@Z 1008ba83 f i libucrt:output.obj
 0002:00041add       ??$?0ABV?$string_output_adapter@_W@__crt_stdio_output@@AB_KABQB_WABQAU__crt_locale_pointers@@ABQAD@?$standard_base@_WV?$string_output_adapter@_W@__crt_stdio_output@@@__crt_stdio_output@@IAE@ABV?$string_output_adapter@_W@1@AB_KABQB_WABQAU__crt_locale_pointers@@ABQAD@Z 1008badd f i libucrt:output.obj
 0002:00041ea9       ??$__crt_interlocked_read@J@@YAJPDJ@Z 1008bea9 f i libucrt:output.obj
 0002:00043113       ??$count@D@formatting_buffer@__crt_stdio_output@@QBEIXZ 1008d113 f i libucrt:output.obj
 0002:00043131       ??$count@_W@formatting_buffer@__crt_stdio_output@@QBEIXZ 1008d131 f i libucrt:output.obj
 0002:00043150       ??$data@D@formatting_buffer@__crt_stdio_output@@QAEPADXZ 1008d150 f i libucrt:output.obj
 0002:00043160       ??$data@_W@formatting_buffer@__crt_stdio_output@@QAEPA_WXZ 1008d160 f i libucrt:output.obj
 0002:00043170       ??$ensure_buffer_is_big_enough@D@formatting_buffer@__crt_stdio_output@@QAE_NI@Z 1008d170 f i libucrt:output.obj
 0002:0004320e       ??$ensure_buffer_is_big_enough@_W@formatting_buffer@__crt_stdio_output@@QAE_NI@Z 1008d20e f i libucrt:output.obj
 0002:000432ae       ??$extract_argument_from_va_list@C_J@?$positional_parameter_base@DV?$stream_output_adapter@D@__crt_stdio_output@@@__crt_stdio_output@@IAE_NAA_J@Z 1008d2ae f i libucrt:output.obj
 0002:00043345       ??$extract_argument_from_va_list@C_J@?$positional_parameter_base@DV?$string_output_adapter@D@__crt_stdio_output@@@__crt_stdio_output@@IAE_NAA_J@Z 1008d345 f i libucrt:output.obj
 0002:000433dc       ??$extract_argument_from_va_list@C_J@?$positional_parameter_base@_WV?$stream_output_adapter@_W@__crt_stdio_output@@@__crt_stdio_output@@IAE_NAA_J@Z 1008d3dc f i libucrt:output.obj
 0002:00043473       ??$extract_argument_from_va_list@C_J@?$positional_parameter_base@_WV?$string_output_adapter@_W@__crt_stdio_output@@@__crt_stdio_output@@IAE_NAA_J@Z 1008d473 f i libucrt:output.obj
 0002:0004350a       ??$extract_argument_from_va_list@C_J@?$standard_base@DV?$stream_output_adapter@D@__crt_stdio_output@@@__crt_stdio_output@@IAE_NAA_J@Z 1008d50a f i libucrt:output.obj
 0002:00043530       ??$extract_argument_from_va_list@C_J@?$standard_base@DV?$string_output_adapter@D@__crt_stdio_output@@@__crt_stdio_output@@IAE_NAA_J@Z 1008d530 f i libucrt:output.obj
 0002:00043556       ??$extract_argument_from_va_list@C_J@?$standard_base@_WV?$stream_output_adapter@_W@__crt_stdio_output@@@__crt_stdio_output@@IAE_NAA_J@Z 1008d556 f i libucrt:output.obj
 0002:0004357c       ??$extract_argument_from_va_list@C_J@?$standard_base@_WV?$string_output_adapter@_W@__crt_stdio_output@@@__crt_stdio_output@@IAE_NAA_J@Z 1008d57c f i libucrt:output.obj
 0002:000435a2       ??$extract_argument_from_va_list@E_J@?$positional_parameter_base@DV?$stream_output_adapter@D@__crt_stdio_output@@@__crt_stdio_output@@IAE_NAA_J@Z 1008d5a2 f i libucrt:output.obj
 0002:00043639       ??$extract_argument_from_va_list@E_J@?$positional_parameter_base@DV?$string_output_adapter@D@__crt_stdio_output@@@__crt_stdio_output@@IAE_NAA_J@Z 1008d639 f i libucrt:output.obj
 0002:000436d0       ??$extract_argument_from_va_list@E_J@?$positional_parameter_base@_WV?$stream_output_adapter@_W@__crt_stdio_output@@@__crt_stdio_output@@IAE_NAA_J@Z 1008d6d0 f i libucrt:output.obj
 0002:00043767       ??$extract_argument_from_va_list@E_J@?$positional_parameter_base@_WV?$string_output_adapter@_W@__crt_stdio_output@@@__crt_stdio_output@@IAE_NAA_J@Z 1008d767 f i libucrt:output.obj
 0002:000437fe       ??$extract_argument_from_va_list@E_J@?$standard_base@DV?$stream_output_adapter@D@__crt_stdio_output@@@__crt_stdio_output@@IAE_NAA_J@Z 1008d7fe f i libucrt:output.obj
 0002:00043824       ??$extract_argument_from_va_list@E_J@?$standard_base@DV?$string_output_adapter@D@__crt_stdio_output@@@__crt_stdio_output@@IAE_NAA_J@Z 1008d824 f i libucrt:output.obj
 0002:0004384a       ??$extract_argument_from_va_list@E_J@?$standard_base@_WV?$stream_output_adapter@_W@__crt_stdio_output@@@__crt_stdio_output@@IAE_NAA_J@Z 1008d84a f i libucrt:output.obj
 0002:00043870       ??$extract_argument_from_va_list@E_J@?$standard_base@_WV?$string_output_adapter@_W@__crt_stdio_output@@@__crt_stdio_output@@IAE_NAA_J@Z 1008d870 f i libucrt:output.obj
 0002:00043896       ??$extract_argument_from_va_list@F_J@?$positional_parameter_base@DV?$stream_output_adapter@D@__crt_stdio_output@@@__crt_stdio_output@@IAE_NAA_J@Z 1008d896 f i libucrt:output.obj
 0002:0004392d       ??$extract_argument_from_va_list@F_J@?$positional_parameter_base@DV?$string_output_adapter@D@__crt_stdio_output@@@__crt_stdio_output@@IAE_NAA_J@Z 1008d92d f i libucrt:output.obj
[...]
 0006:0000003d       __4E51A221_corecrt_wstring@h 1012003d     digest.obj
 0006:0000003e       __2140C079_string@h        1012003e     digest.obj
 0006:0000003f       __7B7A869E_ctype@h         1012003f     digest.obj
 0006:00000040       __457DD326_basetsd@h       10120040     digest.obj
 0006:00000041       __1887E595_winnt@h         10120041     digest.obj
 0006:00000042       __9FC7C64B_processthreadsapi@h 10120042     digest.obj
 0006:00000043       __FA470AEC_memoryapi@h     10120043     digest.obj
 0006:00000044       __F37DAFF1_winerror@h      10120044     digest.obj
 0006:00000045       __7A450CCC_winbase@h       10120045     digest.obj
 0006:00000046       __B4B40122_winioctl@h      10120046     digest.obj
 0006:00000047       __86261D59_stralign@h      10120047     digest.obj
 0006:00000048       __194286D1_winsock2@h      10120048     digest.obj
 0006:00000049       __D940C302_ws2ipdef@h      10120049     digest.obj
 0006:0000004a       __6E172A35_ws2tcpip@h      1012004a     digest.obj
 0006:0000004b       __D06B3418_digest@c        1012004b     digest.obj
 0006:0000004f       __4384A2D9_corecrt_memcpy_s@h 1012004f     dnssd.obj
 0006:00000050       __4E51A221_corecrt_wstring@h 10120050     dnssd.obj
 0006:00000051       __2140C079_string@h        10120051     dnssd.obj
 0006:00000052       __2CC6E67D_corecrt_stdio_config@h 10120052     dnssd.obj
 0006:00000053       __05476D76_corecrt_wstdio@h 10120053     dnssd.obj
 0006:00000054       __A452D4A0_stdio@h         10120054     dnssd.obj
 0006:00000055       __7B7A869E_ctype@h         10120055     dnssd.obj
 0006:00000056       __457DD326_basetsd@h       10120056     dnssd.obj
 0006:00000057       __1887E595_winnt@h         10120057     dnssd.obj
 0006:00000058       __9FC7C64B_processthreadsapi@h 10120058     dnssd.obj
 0006:00000059       __FA470AEC_memoryapi@h     10120059     dnssd.obj
 0006:0000005a       __F37DAFF1_winerror@h      1012005a     dnssd.obj
 0006:0000005b       __7A450CCC_winbase@h       1012005b     dnssd.obj
 0006:0000005c       __B4B40122_winioctl@h      1012005c     dnssd.obj
 0006:0000005d       __86261D59_stralign@h      1012005d     dnssd.obj
 0006:0000005e       __194286D1_winsock2@h      1012005e     dnssd.obj
 0006:0000005f       __D940C302_ws2ipdef@h      1012005f     dnssd.obj
 0006:00000060       __6E172A35_ws2tcpip@h      10120060     dnssd.obj
 0006:00000061       __A765DB39_dnssd@c         10120061     dnssd.obj
 0006:00000065       __2CC6E67D_corecrt_stdio_config@h 10120065     fairplay.obj
 0006:00000066       __05476D76_corecrt_wstdio@h 10120066     fairplay.obj
 0006:00000067       __A452D4A0_stdio@h         10120067     fairplay.obj
 0006:00000068       __4384A2D9_corecrt_memcpy_s@h 10120068     fairplay.obj
 0006:00000069       __4E51A221_corecrt_wstring@h 10120069     fairplay.obj
 0006:0000006a       __2140C079_string@h        1012006a     fairplay.obj
 0006:0000006b       __7B7A869E_ctype@h         1012006b     fairplay.obj
 0006:0000006c       __457DD326_basetsd@h       1012006c     fairplay.obj
 0006:0000006d       __1887E595_winnt@h         1012006d     fairplay.obj
 0006:0000006e       __9FC7C64B_processthreadsapi@h 1012006e     fairplay.obj
 0006:0000006f       __FA470AEC_memoryapi@h     1012006f     fairplay.obj
 0006:00000070       __F37DAFF1_winerror@h      10120070     fairplay.obj
 0006:00000071       __7A450CCC_winbase@h       10120071     fairplay.obj
 0006:00000072       __B4B40122_winioctl@h      10120072     fairplay.obj
 0006:00000073       __86261D59_stralign@h      10120073     fairplay.obj
 0006:00000074       __194286D1_winsock2@h      10120074     fairplay.obj
 0006:00000075       __700F873E_fairplay@c      10120075     fairplay.obj
 0006:00000079       __2CC6E67D_corecrt_stdio_config@h 10120079     hand_garble.obj
 0006:0000007a       __05476D76_corecrt_wstdio@h 1012007a     hand_garble.obj
 0006:0000007b       __A452D4A0_stdio@h         1012007b     hand_garble.obj
 0006:0000007c       __0DC00797_hand_garble@c   1012007c     hand_garble.obj
 0006:0000007d       __4384A2D9_corecrt_memcpy_s@h 1012007d     httpd.obj
 0006:0000007e       __4E51A221_corecrt_wstring@h 1012007e     httpd.obj
 0006:0000007f       __2140C079_string@h        1012007f     httpd.obj
 0006:00000080       __2CC6E67D_corecrt_stdio_config@h 10120080     httpd.obj
 0006:00000081       __05476D76_corecrt_wstdio@h 10120081     httpd.obj
 0006:00000082       __A452D4A0_stdio@h         10120082     httpd.obj
 0006:00000083       __7B7A869E_ctype@h         10120083     httpd.obj
 0006:00000084       __457DD326_basetsd@h       10120084     httpd.obj
 0006:00000085       __1887E595_winnt@h         10120085     httpd.obj
 0006:00000086       __9FC7C64B_processthreadsapi@h 10120086     httpd.obj
 0006:00000087       __FA470AEC_memoryapi@h     10120087     httpd.obj
 0006:00000088       __F37DAFF1_winerror@h      10120088     httpd.obj
 0006:00000089       __7A450CCC_winbase@h       10120089     httpd.obj
 0006:0000008a       __B4B40122_winioctl@h      1012008a     httpd.obj
 0006:0000008b       __86261D59_stralign@h      1012008b     httpd.obj
 0006:0000008c       __194286D1_winsock2@h      1012008c     httpd.obj
 0006:0000008d       __D940C302_ws2ipdef@h      1012008d     httpd.obj
 0006:0000008e       __6E172A35_ws2tcpip@h      1012008e     httpd.obj
 0006:0000008f       __621DE34E_httpd@c         1012008f     httpd.obj
 0006:00000093       __7B7A869E_ctype@h         10120093     http_parser.obj
 0006:00000094       __4384A2D9_corecrt_memcpy_s@h 10120094     http_parser.obj
 0006:00000095       __4E51A221_corecrt_wstring@h 10120095     http_parser.obj
 0006:00000096       __2140C079_string@h        10120096     http_parser.obj
 0006:00000097       __B4F85CD9_http_parser@c   10120097     http_parser.obj
 0006:00000099       __2CC6E67D_corecrt_stdio_config@h 10120099     http_request.obj
 0006:0000009a       __05476D76_corecrt_wstdio@h 1012009a     http_request.obj
 0006:0000009b       __A452D4A0_stdio@h         1012009b     http_request.obj
 0006:0000009c       __4384A2D9_corecrt_memcpy_s@h 1012009c     http_request.obj
 0006:0000009d       __4E51A221_corecrt_wstring@h 1012009d     http_request.obj
 0006:0000009e       __2140C079_string@h        1012009e     http_request.obj
 0006:0000009f       __FA4D8079_http_request@c  1012009f     http_request.obj
 0006:000000a1       __2CC6E67D_corecrt_stdio_config@h 101200a1     http_response.obj
 0006:000000a2       __05476D76_corecrt_wstdio@h 101200a2     http_response.obj
 0006:000000a3       __A452D4A0_stdio@h         101200a3     http_response.obj
 0006:000000a4       __4384A2D9_corecrt_memcpy_s@h 101200a4     http_response.obj
 0006:000000a5       __4E51A221_corecrt_wstring@h 101200a5     http_response.obj
 0006:000000a6       __2140C079_string@h        101200a6     http_response.obj
 0006:000000a7       __7B7A869E_ctype@h         101200a7     http_response.obj
 0006:000000a8       __457DD326_basetsd@h       101200a8     http_response.obj
 0006:000000a9       __1887E595_winnt@h         101200a9     http_response.obj
 0006:000000aa       __9FC7C64B_processthreadsapi@h 101200aa     http_response.obj
 0006:000000ab       __FA470AEC_memoryapi@h     101200ab     http_response.obj
 0006:000000ac       __F37DAFF1_winerror@h      101200ac     http_response.obj
 0006:000000ad       __7A450CCC_winbase@h       101200ad     http_response.obj
 0006:000000ae       __B4B40122_winioctl@h      101200ae     http_response.obj
 0006:000000af       __86261D59_stralign@h      101200af     http_response.obj
 0006:000000b0       __194286D1_winsock2@h      101200b0     http_response.obj
 0006:000000b1       __D940C302_ws2ipdef@h      101200b1     http_response.obj
 0006:000000b2       __6E172A35_ws2tcpip@h      101200b2     http_response.obj
 0006:000000b3       __70A187A5_http_response@c 101200b3     http_response.obj
 0006:000000b7       __2CC6E67D_corecrt_stdio_config@h 101200b7     logger.obj
 0006:000000b8       __05476D76_corecrt_wstdio@h 101200b8     logger.obj
 0006:000000b9       __A452D4A0_stdio@h         101200b9     logger.obj
 0006:000000ba       __7B7A869E_ctype@h         101200ba     logger.obj
 0006:000000bb       __457DD326_basetsd@h       101200bb     logger.obj
 0006:000000bc       __4384A2D9_corecrt_memcpy_s@h 101200bc     logger.obj
 0006:000000bd       __4E51A221_corecrt_wstring@h 101200bd     logger.obj
 0006:000000be       __2140C079_string@h        101200be     logger.obj
 0006:000000bf       __1887E595_winnt@h         101200bf     logger.obj
 0006:000000c0       __9FC7C64B_processthreadsapi@h 101200c0     logger.obj
 0006:000000c1       __FA470AEC_memoryapi@h     101200c1     logger.obj
 0006:000000c2       __F37DAFF1_winerror@h      101200c2     logger.obj
 0006:000000c3       __7A450CCC_winbase@h       101200c3     logger.obj
 0006:000000c4       __B4B40122_winioctl@h      101200c4     logger.obj
 0006:000000c5       __86261D59_stralign@h      101200c5     logger.obj
 0006:000000c6       __194286D1_winsock2@h      101200c6     logger.obj
 0006:000000c7       __D940C302_ws2ipdef@h      101200c7     logger.obj
 0006:000000c8       __6E172A35_ws2tcpip@h      101200c8     logger.obj
 0006:000000c9       __6B613D06_logger@c        101200c9     logger.obj
 0006:000000cd       __188180DA_corecrt_math@h  101200cd     modified_md5.obj
 0006:000000ce       __2CC6E67D_corecrt_stdio_config@h 101200ce     modified_md5.obj
 0006:000000cf       __05476D76_corecrt_wstdio@h 101200cf     modified_md5.obj
 0006:000000d0       __A452D4A0_stdio@h         101200d0     modified_md5.obj
 0006:000000d1       __4384A2D9_corecrt_memcpy_s@h 101200d1     modified_md5.obj
 0006:000000d2       __4E51A221_corecrt_wstring@h 101200d2     modified_md5.obj
 0006:000000d3       __2140C079_string@h        101200d3     modified_md5.obj
 0006:000000d4       __51C7C3A8_modified_md5@c  101200d4     modified_md5.obj
 0006:000000d6       __4384A2D9_corecrt_memcpy_s@h 101200d6     netutils.obj
 0006:000000d7       __4E51A221_corecrt_wstring@h 101200d7     netutils.obj
 0006:000000d8       __2140C079_string@h        101200d8     netutils.obj
 0006:000000d9       __7B7A869E_ctype@h         101200d9     netutils.obj
 0006:000000da       __457DD326_basetsd@h       101200da     netutils.obj
 0006:000000db       __1887E595_winnt@h         101200db     netutils.obj
 0006:000000dc       __9FC7C64B_processthreadsapi@h 101200dc     netutils.obj
 0006:000000dd       __FA470AEC_memoryapi@h     101200dd     netutils.obj
 0006:000000de       __F37DAFF1_winerror@h      101200de     netutils.obj
 0006:000000df       __7A450CCC_winbase@h       101200df     netutils.obj
 0006:000000e0       __B4B40122_winioctl@h      101200e0     netutils.obj
 0006:000000e1       __86261D59_stralign@h      101200e1     netutils.obj
 0006:000000e2       __194286D1_winsock2@h      101200e2     netutils.obj
 0006:000000e3       __D940C302_ws2ipdef@h      101200e3     netutils.obj
 0006:000000e4       __6E172A35_ws2tcpip@h      101200e4     netutils.obj
 0006:000000e5       __B0A11CDF_netutils@c      101200e5     netutils.obj
 0006:000000e9       __2CC6E67D_corecrt_stdio_config@h 101200e9     omg_hax.obj
 0006:000000ea       __05476D76_corecrt_wstdio@h 101200ea     omg_hax.obj
 0006:000000eb       __A452D4A0_stdio@h         101200eb     omg_hax.obj
 0006:000000ec       __4384A2D9_corecrt_memcpy_s@h 101200ec     omg_hax.obj
 0006:000000ed       __4E51A221_corecrt_wstring@h 101200ed     omg_hax.obj
 0006:000000ee       __2140C079_string@h        101200ee     omg_hax.obj
 0006:000000ef       __39E81518_omg_hax@c       101200ef     omg_hax.obj
 0006:000000f1       __2CC6E67D_corecrt_stdio_config@h 101200f1     playfair.obj
 0006:000000f2       __05476D76_corecrt_wstdio@h 101200f2     playfair.obj
 0006:000000f3       __A452D4A0_stdio@h         101200f3     playfair.obj
 0006:000000f4       __4384A2D9_corecrt_memcpy_s@h 101200f4     playfair.obj
 0006:000000f5       __4E51A221_corecrt_wstring@h 101200f5     playfair.obj
 0006:000000f6       __2140C079_string@h        101200f6     playfair.obj
 0006:000000f7       __9EEC3CB0_playfair@c      101200f7     playfair.obj
 0006:000000f9       __7B7A869E_ctype@h         101200f9     plistlib.obj
 0006:000000fa       __457DD326_basetsd@h       101200fa     plistlib.obj
 0006:000000fb       __4384A2D9_corecrt_memcpy_s@h 101200fb     plistlib.obj
 0006:000000fc       __4E51A221_corecrt_wstring@h 101200fc     plistlib.obj
 0006:000000fd       __2140C079_string@h        101200fd     plistlib.obj
 0006:000000fe       __1887E595_winnt@h         101200fe     plistlib.obj
 0006:000000ff       __9FC7C64B_processthreadsapi@h 101200ff     plistlib.obj
 0006:00000100       __FA470AEC_memoryapi@h     10120100     plistlib.obj
 0006:00000101       __F37DAFF1_winerror@h      10120101     plistlib.obj
 0006:00000102       __7A450CCC_winbase@h       10120102     plistlib.obj
 0006:00000103       __B4B40122_winioctl@h      10120103     plistlib.obj
 0006:00000104       __86261D59_stralign@h      10120104     plistlib.obj
 0006:00000105       __194286D1_winsock2@h      10120105     plistlib.obj
 0006:00000106       __43D1BC1A_plistlib@c      10120106     plistlib.obj
 0006:00000109       __2CC6E67D_corecrt_stdio_config@h 10120109     raop.obj
 0006:0000010a       __05476D76_corecrt_wstdio@h 1012010a     raop.obj
 0006:0000010b       __A452D4A0_stdio@h         1012010b     raop.obj
 0006:0000010c       __4384A2D9_corecrt_memcpy_s@h 1012010c     raop.obj
 0006:0000010d       __4E51A221_corecrt_wstring@h 1012010d     raop.obj
 0006:0000010e       __2140C079_string@h        1012010e     raop.obj
 0006:0000010f       __C0802A2B_corecrt_wtime@h 1012010f     raop.obj
 0006:00000110       __04AA828A_time@h          10120110     raop.obj
 0006:00000111       __7B7A869E_ctype@h         10120111     raop.obj
 0006:00000112       __457DD326_basetsd@h       10120112     raop.obj
 0006:00000113       __1887E595_winnt@h         10120113     raop.obj
 0006:00000114       __9FC7C64B_processthreadsapi@h 10120114     raop.obj
 0006:00000115       __FA470AEC_memoryapi@h     10120115     raop.obj
 0006:00000116       __F37DAFF1_winerror@h      10120116     raop.obj
 0006:00000117       __7A450CCC_winbase@h       10120117     raop.obj
 0006:00000118       __B4B40122_winioctl@h      10120118     raop.obj
 0006:00000119       __86261D59_stralign@h      10120119     raop.obj
 0006:0000011a       __194286D1_winsock2@h      1012011a     raop.obj
 0006:0000011b       __D940C302_ws2ipdef@h      1012011b     raop.obj
 0006:0000011c       __6E172A35_ws2tcpip@h      1012011c     raop.obj
 0006:0000011d       __4F50E20C_raop@c          1012011d     raop.obj
 0006:00000122       __2CC6E67D_corecrt_stdio_config@h 10120122     raop_buffer.obj
 0006:00000123       __05476D76_corecrt_wstdio@h 10120123     raop_buffer.obj
 0006:00000124       __A452D4A0_stdio@h         10120124     raop_buffer.obj
 0006:00000125       __4384A2D9_corecrt_memcpy_s@h 10120125     raop_buffer.obj
 0006:00000126       __4E51A221_corecrt_wstring@h 10120126     raop_buffer.obj
 0006:00000127       __2140C079_string@h        10120127     raop_buffer.obj
 0006:00000128       __188180DA_corecrt_math@h  10120128     raop_buffer.obj
 0006:00000129       __BE8493B2_raop_buffer@c   10120129     raop_buffer.obj
 0006:0000012b       __2CC6E67D_corecrt_stdio_config@h 1012012b     raop_rtp.obj
 0006:0000012c       __05476D76_corecrt_wstdio@h 1012012c     raop_rtp.obj
 0006:0000012d       __A452D4A0_stdio@h         1012012d     raop_rtp.obj
 0006:0000012e       __4384A2D9_corecrt_memcpy_s@h 1012012e     raop_rtp.obj
 0006:0000012f       __4E51A221_corecrt_wstring@h 1012012f     raop_rtp.obj
 0006:00000130       __2140C079_string@h        10120130     raop_rtp.obj
 0006:00000131       __188180DA_corecrt_math@h  10120131     raop_rtp.obj
 0006:00000132       __7B7A869E_ctype@h         10120132     raop_rtp.obj
 0006:00000133       __457DD326_basetsd@h       10120133     raop_rtp.obj
 0006:00000134       __1887E595_winnt@h         10120134     raop_rtp.obj
 0006:00000135       __9FC7C64B_processthreadsapi@h 10120135     raop_rtp.obj
 0006:00000136       __FA470AEC_memoryapi@h     10120136     raop_rtp.obj
 0006:00000137       __F37DAFF1_winerror@h      10120137     raop_rtp.obj
 0006:00000138       __7A450CCC_winbase@h       10120138     raop_rtp.obj
 0006:00000139       __B4B40122_winioctl@h      10120139     raop_rtp.obj
 0006:0000013a       __86261D59_stralign@h      1012013a     raop_rtp.obj
 0006:0000013b       __194286D1_winsock2@h      1012013b     raop_rtp.obj
 0006:0000013c       __D940C302_ws2ipdef@h      1012013c     raop_rtp.obj
 0006:0000013d       __6E172A35_ws2tcpip@h      1012013d     raop_rtp.obj
 0006:0000013e       __4E86BC20_raop_rtp@c      1012013e     raop_rtp.obj
 0006:00000143       __2CC6E67D_corecrt_stdio_config@h 10120143     sap_hash.obj
 0006:00000144       __05476D76_corecrt_wstdio@h 10120144     sap_hash.obj
 0006:00000145       __A452D4A0_stdio@h         10120145     sap_hash.obj
 0006:00000146       __8CF7ADDA_sap_hash@c      10120146     sap_hash.obj
 0006:00000147       __4384A2D9_corecrt_memcpy_s@h 10120147     sdp.obj
 0006:00000148       __4E51A221_corecrt_wstring@h 10120148     sdp.obj
 0006:00000149       __2140C079_string@h        10120149     sdp.obj
 0006:0000014a       __BE812EF8_sdp@c           1012014a     sdp.obj
 0006:0000014b       __2CC6E67D_corecrt_stdio_config@h 1012014b     utils.obj
 0006:0000014c       __05476D76_corecrt_wstdio@h 1012014c     utils.obj
 0006:0000014d       __A452D4A0_stdio@h         1012014d     utils.obj
 0006:0000014e       __4384A2D9_corecrt_memcpy_s@h 1012014e     utils.obj
 0006:0000014f       __4E51A221_corecrt_wstring@h 1012014f     utils.obj
 0006:00000150       __2140C079_string@h        10120150     utils.obj
 0006:00000151       __7B7A869E_ctype@h         10120151     utils.obj
 0006:00000152       __457DD326_basetsd@h       10120152     utils.obj
 0006:00000153       __1887E595_winnt@h         10120153     utils.obj
 0006:00000154       __9FC7C64B_processthreadsapi@h 10120154     utils.obj
 0006:00000155       __FA470AEC_memoryapi@h     10120155     utils.obj
 0006:00000156       __F37DAFF1_winerror@h      10120156     utils.obj
 0006:00000157       __7A450CCC_winbase@h       10120157     utils.obj
 0006:00000158       __B4B40122_winioctl@h      10120158     utils.obj
 0006:00000159       __86261D59_stralign@h      10120159     utils.obj
 0006:0000015a       __194286D1_winsock2@h      1012015a     utils.obj
 0006:0000015b       __FFC210A1_utils@c         1012015b     utils.obj
 0006:0000015f       __7B7A869E_ctype@h         1012015f     main.obj
 0006:00000160       __457DD326_basetsd@h       10120160     main.obj
 0006:00000161       __4384A2D9_corecrt_memcpy_s@h 10120161     main.obj
 0006:00000162       __4E51A221_corecrt_wstring@h 10120162     main.obj
 0006:00000163       __2140C079_string@h        10120163     main.obj
 0006:00000164       __1887E595_winnt@h         10120164     main.obj
 0006:00000165       __9FC7C64B_processthreadsapi@h 10120165     main.obj
 0006:00000166       __FA470AEC_memoryapi@h     10120166     main.obj
 0006:00000167       __F37DAFF1_winerror@h      10120167     main.obj
 0006:00000168       __7A450CCC_winbase@h       10120168     main.obj
 0006:00000169       __B4B40122_winioctl@h      10120169     main.obj
 0006:0000016a       __86261D59_stralign@h      1012016a     main.obj
 0006:0000016b       __194286D1_winsock2@h      1012016b     main.obj
 0006:0000016c       __2CC6E67D_corecrt_stdio_config@h 1012016c     main.obj
 0006:0000016d       __05476D76_corecrt_wstdio@h 1012016d     main.obj
 0006:0000016e       __A452D4A0_stdio@h         1012016e     main.obj
 0006:0000016f       __188180DA_corecrt_math@h  1012016f     main.obj
 0006:00000170       __65E0B0EE_main@c          10120170     main.obj
 0008:00000170       $R000000                   10122170     * linker generated manifest res *
